Archive member included to satisfy reference by file (symbol)

/opt/stm32cubeide/plugins/com.st.stm32cube.ide.mcu.externaltools.gnu-tools-for-stm32.14.3.rel1.linux64_1.0.100.202602081740/tools/bin/../lib/gcc/arm-none-eabi/14.3.1/../../../../arm-none-eabi/lib/thumb/v6-m/nofp/libc_nano.a(libc_a-exit.o)
                              /opt/stm32cubeide/plugins/com.st.stm32cube.ide.mcu.externaltools.gnu-tools-for-stm32.14.3.rel1.linux64_1.0.100.202602081740/tools/bin/../lib/gcc/arm-none-eabi/14.3.1/../../../../arm-none-eabi/lib/thumb/v6-m/nofp/crt0.o (exit)
/opt/stm32cubeide/plugins/com.st.stm32cube.ide.mcu.externaltools.gnu-tools-for-stm32.14.3.rel1.linux64_1.0.100.202602081740/tools/bin/../lib/gcc/arm-none-eabi/14.3.1/../../../../arm-none-eabi/lib/thumb/v6-m/nofp/libc_nano.a(libc_a-findfp.o)
                              /opt/stm32cubeide/plugins/com.st.stm32cube.ide.mcu.externaltools.gnu-tools-for-stm32.14.3.rel1.linux64_1.0.100.202602081740/tools/bin/../lib/gcc/arm-none-eabi/14.3.1/../../../../arm-none-eabi/lib/thumb/v6-m/nofp/libc_nano.a(libc_a-exit.o) (__stdio_exit_handler)
/opt/stm32cubeide/plugins/com.st.stm32cube.ide.mcu.externaltools.gnu-tools-for-stm32.14.3.rel1.linux64_1.0.100.202602081740/tools/bin/../lib/gcc/arm-none-eabi/14.3.1/../../../../arm-none-eabi/lib/thumb/v6-m/nofp/libc_nano.a(libc_a-fwalk.o)
                              /opt/stm32cubeide/plugins/com.st.stm32cube.ide.mcu.externaltools.gnu-tools-for-stm32.14.3.rel1.linux64_1.0.100.202602081740/tools/bin/../lib/gcc/arm-none-eabi/14.3.1/../../../../arm-none-eabi/lib/thumb/v6-m/nofp/libc_nano.a(libc_a-findfp.o) (_fwalk_sglue)
/opt/stm32cubeide/plugins/com.st.stm32cube.ide.mcu.externaltools.gnu-tools-for-stm32.14.3.rel1.linux64_1.0.100.202602081740/tools/bin/../lib/gcc/arm-none-eabi/14.3.1/../../../../arm-none-eabi/lib/thumb/v6-m/nofp/libc_nano.a(libc_a-snprintf.o)
                              ./Core/Src/commands-can.o (snprintf)
/opt/stm32cubeide/plugins/com.st.stm32cube.ide.mcu.externaltools.gnu-tools-for-stm32.14.3.rel1.linux64_1.0.100.202602081740/tools/bin/../lib/gcc/arm-none-eabi/14.3.1/../../../../arm-none-eabi/lib/thumb/v6-m/nofp/libc_nano.a(libc_a-stdio.o)
                              /opt/stm32cubeide/plugins/com.st.stm32cube.ide.mcu.externaltools.gnu-tools-for-stm32.14.3.rel1.linux64_1.0.100.202602081740/tools/bin/../lib/gcc/arm-none-eabi/14.3.1/../../../../arm-none-eabi/lib/thumb/v6-m/nofp/libc_nano.a(libc_a-findfp.o) (__sread)
/opt/stm32cubeide/plugins/com.st.stm32cube.ide.mcu.externaltools.gnu-tools-for-stm32.14.3.rel1.linux64_1.0.100.202602081740/tools/bin/../lib/gcc/arm-none-eabi/14.3.1/../../../../arm-none-eabi/lib/thumb/v6-m/nofp/libc_nano.a(libc_a-memset.o)
                              /opt/stm32cubeide/plugins/com.st.stm32cube.ide.mcu.externaltools.gnu-tools-for-stm32.14.3.rel1.linux64_1.0.100.202602081740/tools/bin/../lib/gcc/arm-none-eabi/14.3.1/../../../../arm-none-eabi/lib/thumb/v6-m/nofp/crt0.o (memset)
/opt/stm32cubeide/plugins/com.st.stm32cube.ide.mcu.externaltools.gnu-tools-for-stm32.14.3.rel1.linux64_1.0.100.202602081740/tools/bin/../lib/gcc/arm-none-eabi/14.3.1/../../../../arm-none-eabi/lib/thumb/v6-m/nofp/libc_nano.a(libc_a-closer.o)
                              /opt/stm32cubeide/plugins/com.st.stm32cube.ide.mcu.externaltools.gnu-tools-for-stm32.14.3.rel1.linux64_1.0.100.202602081740/tools/bin/../lib/gcc/arm-none-eabi/14.3.1/../../../../arm-none-eabi/lib/thumb/v6-m/nofp/libc_nano.a(libc_a-stdio.o) (_close_r)
/opt/stm32cubeide/plugins/com.st.stm32cube.ide.mcu.externaltools.gnu-tools-for-stm32.14.3.rel1.linux64_1.0.100.202602081740/tools/bin/../lib/gcc/arm-none-eabi/14.3.1/../../../../arm-none-eabi/lib/thumb/v6-m/nofp/libc_nano.a(libc_a-reent.o)
                              /opt/stm32cubeide/plugins/com.st.stm32cube.ide.mcu.externaltools.gnu-tools-for-stm32.14.3.rel1.linux64_1.0.100.202602081740/tools/bin/../lib/gcc/arm-none-eabi/14.3.1/../../../../arm-none-eabi/lib/thumb/v6-m/nofp/libc_nano.a(libc_a-closer.o) (errno)
/opt/stm32cubeide/plugins/com.st.stm32cube.ide.mcu.externaltools.gnu-tools-for-stm32.14.3.rel1.linux64_1.0.100.202602081740/tools/bin/../lib/gcc/arm-none-eabi/14.3.1/../../../../arm-none-eabi/lib/thumb/v6-m/nofp/libc_nano.a(libc_a-impure.o)
                              /opt/stm32cubeide/plugins/com.st.stm32cube.ide.mcu.externaltools.gnu-tools-for-stm32.14.3.rel1.linux64_1.0.100.202602081740/tools/bin/../lib/gcc/arm-none-eabi/14.3.1/../../../../arm-none-eabi/lib/thumb/v6-m/nofp/libc_nano.a(libc_a-snprintf.o) (_impure_ptr)
/opt/stm32cubeide/plugins/com.st.stm32cube.ide.mcu.externaltools.gnu-tools-for-stm32.14.3.rel1.linux64_1.0.100.202602081740/tools/bin/../lib/gcc/arm-none-eabi/14.3.1/../../../../arm-none-eabi/lib/thumb/v6-m/nofp/libc_nano.a(libc_a-lseekr.o)
[...]
Memory Configuration

Name             Origin             Length             Attributes
RAM              0x20000000         0x00008000         xrw
FLASH            0x08000000         0x00040000         xr
*default*        0x00000000         0xffffffff

Linker script and memory map

LOAD /opt/stm32cubeide/plugins/com.st.stm32cube.ide.mcu.externaltools.gnu-tools-for-stm32.14.3.rel1.linux64_1.0.100.202602081740/tools/bin/../lib/gcc/arm-none-eabi/14.3.1/thumb/v6-m/nofp/crti.o
LOAD /opt/stm32cubeide/plugins/com.st.stm32cube.ide.mcu.externaltools.gnu-tools-for-stm32.14.3.rel1.linux64_1.0.100.202602081740/tools/bin/../lib/gcc/arm-none-eabi/14.3.1/thumb/v6-m/nofp/crtbegin.o
LOAD /opt/stm32cubeide/plugins/com.st.stm32cube.ide.mcu.externaltools.gnu-tools-for-stm32.14.3.rel1.linux64_1.0.100.202602081740/tools/bin/../lib/gcc/arm-none-eabi/14.3.1/../../../../arm-none-eabi/lib/thumb/v6-m/nofp/crt0.o
LOAD ./Core/Src/alarm.o
LOAD ./Core/Src/commands-can.o
LOAD ./Core/Src/commands-usart.o
LOAD ./Core/Src/display-ili9488.o
LOAD ./Core/Src/main.o
LOAD ./Core/Src/stm32f0xx_hal_msp.o
LOAD ./Core/Src/stm32f0xx_it.o
LOAD ./Core/Src/switches.o
LOAD ./Core/Src/syscalls.o
LOAD ./Core/Src/sysmem.o
LOAD ./Core/Src/system_stm32f0xx.o
LOAD ./Core/Startup/startup_stm32f091rctx.o
LOAD ./Drivers/STM32F0xx_HAL_Driver/Src/stm32f0xx_hal.o
LOAD ./Drivers/STM32F0xx_HAL_Driver/Src/stm32f0xx_hal_can.o
LOAD ./Drivers/STM32F0xx_HAL_Driver/Src/stm32f0xx_hal_cortex.o
LOAD ./Drivers/STM32F0xx_HAL_Driver/Src/stm32f0xx_hal_dma.o
LOAD ./Drivers/STM32F0xx_HAL_Driver/Src/stm32f0xx_hal_exti.o
LOAD ./Drivers/STM32F0xx_HAL_Driver/Src/stm32f0xx_hal_flash.o
LOAD ./Drivers/STM32F0xx_HAL_Driver/Src/stm32f0xx_hal_flash_ex.o
LOAD ./Drivers/STM32F0xx_HAL_Driver/Src/stm32f0xx_hal_gpio.o
LOAD ./Drivers/STM32F0xx_HAL_Driver/Src/stm32f0xx_hal_i2c.o
LOAD ./Drivers/STM32F0xx_HAL_Driver/Src/stm32f0xx_hal_i2c_ex.o
LOAD ./Drivers/STM32F0xx_HAL_Driver/Src/stm32f0xx_hal_pwr.o
LOAD ./Drivers/STM32F0xx_HAL_Driver/Src/stm32f0xx_hal_pwr_ex.o
LOAD ./Drivers/STM32F0xx_HAL_Driver/Src/stm32f0xx_hal_rcc.o
LOAD ./Drivers/STM32F0xx_HAL_Driver/Src/stm32f0xx_hal_rcc_ex.o
LOAD ./Drivers/STM32F0xx_HAL_Driver/Src/stm32f0xx_hal_spi.o
LOAD ./Drivers/STM32F0xx_HAL_Driver/Src/stm32f0xx_hal_spi_ex.o
LOAD ./Drivers/STM32F0xx_HAL_Driver/Src/stm32f0xx_hal_tim.o
LOAD ./Drivers/STM32F0xx_HAL_Driver/Src/stm32f0xx_hal_tim_ex.o
LOAD ./Drivers/STM32F0xx_HAL_Driver/Src/stm32f0xx_hal_uart.o
LOAD ./Drivers/STM32F0xx_HAL_Driver/Src/stm32f0xx_hal_uart_ex.o
START GROUP
LOAD /opt/stm32cubeide/plugins/com.st.stm32cube.ide.mcu.externaltools.gnu-tools-for-stm32.14.3.rel1.linux64_1.0.100.202602081740/tools/bin/../lib/gcc/arm-none-eabi/14.3.1/../../../../arm-none-eabi/lib/thumb/v6-m/nofp/libc_nano.a
LOAD /opt/stm32cubeide/plugins/com.st.stm32cube.ide.mcu.externaltools.gnu-tools-for-stm32.14.3.rel1.linux64_1.0.100.202602081740/tools/bin/../lib/gcc/arm-none-eabi/14.3.1/../../../../arm-none-eabi/lib/thumb/v6-m/nofp/libm.a
END GROUP
START GROUP
LOAD /opt/stm32cubeide/plugins/com.st.stm32cube.ide.mcu.externaltools.gnu-tools-for-stm32.14.3.rel1.linux64_1.0.100.202602081740/tools/bin/../lib/gcc/arm-none-eabi/14.3.1/thumb/v6-m/nofp/libgcc.a
LOAD /opt/stm32cubeide/plugins/com.st.stm32cube.ide.mcu.externaltools.gnu-tools-for-stm32.14.3.rel1.linux64_1.0.100.202602081740/tools/bin/../lib/gcc/arm-none-eabi/14.3.1/../../../../arm-none-eabi/lib/thumb/v6-m/nofp/libc_nano.a
END GROUP
START GROUP
LOAD /opt/stm32cubeide/plugins/com.st.stm32cube.ide.mcu.externaltools.gnu-tools-for-stm32.14.3.rel1.linux64_1.0.100.202602081740/tools/bin/../lib/gcc/arm-none-eabi/14.3.1/thumb/v6-m/nofp/libgcc.a
LOAD /opt/stm32cubeide/plugins/com.st.stm32cube.ide.mcu.externaltools.gnu-tools-for-stm32.14.3.rel1.linux64_1.0.100.202602081740/tools/bin/../lib/gcc/arm-none-eabi/14.3.1/../../../../arm-none-eabi/lib/thumb/v6-m/nofp/libc_nano.a
LOAD /opt/stm32cubeide/plugins/com.st.stm32cube.ide.mcu.externaltools.gnu-tools-for-stm32.14.3.rel1.linux64_1.0.100.202602081740/tools/bin/../lib/gcc/arm-none-eabi/14.3.1/../../../../arm-none-eabi/lib/thumb/v6-m/nofp/libnosys.a
END GROUP
START GROUP
LOAD /opt/stm32cubeide/plugins/com.st.stm32cube.ide.mcu.externaltools.gnu-tools-for-stm32.14.3.rel1.linux64_1.0.100.202602081740/tools/bin/../lib/gcc/arm-none-eabi/14.3.1/thumb/v6-m/nofp/libgcc.a
LOAD /opt/stm32cubeide/plugins/com.st.stm32cube.ide.mcu.externaltools.gnu-tools-for-stm32.14.3.rel1.linux64_1.0.100.202602081740/tools/bin/../lib/gcc/arm-none-eabi/14.3.1/../../../../arm-none-eabi/lib/thumb/v6-m/nofp/libc_nano.a
LOAD /opt/stm32cubeide/plugins/com.st.stm32cube.ide.mcu.externaltools.gnu-tools-for-stm32.14.3.rel1.linux64_1.0.100.202602081740/tools/bin/../lib/gcc/arm-none-eabi/14.3.1/../../../../arm-none-eabi/lib/thumb/v6-m/nofp/libnosys.a
END GROUP
LOAD /opt/stm32cubeide/plugins/com.st.stm32cube.ide.mcu.externaltools.gnu-tools-for-stm32.14.3.rel1.linux64_1.0.100.202602081740/tools/bin/../lib/gcc/arm-none-eabi/14.3.1/thumb/v6-m/nofp/crtend.o
LOAD /opt/stm32cubeide/plugins/com.st.stm32cube.ide.mcu.externaltools.gnu-tools-for-stm32.14.3.rel1.linux64_1.0.100.202602081740/tools/bin/../lib/gcc/arm-none-eabi/14.3.1/thumb/v6-m/nofp/crtn.o
                0x20008000                        _estack = (ORIGIN (RAM) + LENGTH (RAM))
                0x00000200                        _Min_Heap_Size = 0x200
                0x00000400                        _Min_Stack_Size = 0x400

.isr_vector     0x08000000       0xbc
                0x08000000                        . = ALIGN (0x4)
 *(.isr_vector)
 .isr_vector    0x08000000       0xbc ./Core/Startup/startup_stm32f091rctx.o
                0x08000000                g_pfnVectors
                0x080000bc                        . = ALIGN (0x4)

.text           0x080000bc     0x9454
                0x080000bc                        . = ALIGN (0x4)
 *(.text)
 .text          0x080000bc       0x48 /opt/stm32cubeide/plugins/com.st.stm32cube.ide.mcu.externaltools.gnu-tools-for-stm32.14.3.rel1.linux64_1.0.100.202602081740/tools/bin/../lib/gcc/arm-none-eabi/14.3.1/thumb/v6-m/nofp/crtbegin.o
 .text          0x08000104       0x14 /opt/stm32cubeide/plugins/com.st.stm32cube.ide.mcu.externaltools.gnu-tools-for-stm32.14.3.rel1.linux64_1.0.100.202602081740/tools/bin/../lib/gcc/arm-none-eabi/14.3.1/thumb/v6-m/nofp/libgcc.a(_thumb1_case_shi.o)
                0x08000104                __gnu_thumb1_case_shi
 .text          0x08000118      0x114 /opt/stm32cubeide/plugins/com.st.stm32cube.ide.mcu.externaltools.gnu-tools-for-stm32.14.3.rel1.linux64_1.0.100.202602081740/tools/bin/../lib/gcc/arm-none-eabi/14.3.1/thumb/v6-m/nofp/libgcc.a(_udivsi3.o)
                0x08000118                __udivsi3
                0x08000118                __aeabi_uidiv
                0x08000224                __aeabi_uidivmod
 .text          0x0800022c      0x1d4 /opt/stm32cubeide/plugins/com.st.stm32cube.ide.mcu.externaltools.gnu-tools-for-stm32.14.3.rel1.linux64_1.0.100.202602081740/tools/bin/../lib/gcc/arm-none-eabi/14.3.1/thumb/v6-m/nofp/libgcc.a(_divsi3.o)
                0x0800022c                __aeabi_idiv
                0x0800022c                __divsi3
                0x080003f8                __aeabi_idivmod
 .text          0x08000400        0x4 /opt/stm32cubeide/plugins/com.st.stm32cube.ide.mcu.externaltools.gnu-tools-for-stm32.14.3.rel1.linux64_1.0.100.202602081740/tools/bin/../lib/gcc/arm-none-eabi/14.3.1/thumb/v6-m/nofp/libgcc.a(_dvmd_tls.o)
                0x08000400                __aeabi_ldiv0
                0x08000400                __aeabi_idiv0
 *(.text*)
 .text.setAlarmFrequency
                0x08000404       0x90 ./Core/Src/alarm.o
                0x08000404                setAlarmFrequency
 .text.DispBackCmd
                0x08000494       0x70 ./Core/Src/commands-can.o
                0x08000494                DispBackCmd
 .text.DispTextCmd
                0x08000504      0x1f4 ./Core/Src/commands-can.o
                0x08000504                DispTextCmd
 .text.DispBMCmd
                0x080006f8       0x70 ./Core/Src/commands-can.o
                0x080006f8                DispBMCmd
 .text.DispGrpCmd
                0x08000768       0x84 ./Core/Src/commands-can.o
                0x08000768                DispGrpCmd
 .text.SendVerCmd
                0x080007ec       0x70 ./Core/Src/commands-can.o
                0x080007ec                SendVerCmd
 .text.SysFailCmd
                0x0800085c       0x48 ./Core/Src/commands-can.o
                0x0800085c                SysFailCmd
 .text.BrightCmd
                0x080008a4       0x94 ./Core/Src/commands-can.o
                0x080008a4                BrightCmd
 .text.AlarmCmd
                0x08000938       0x7c ./Core/Src/commands-can.o
                0x08000938                AlarmCmd
 .text.canCommandsInit
                0x080009b4       0xf8 ./Core/Src/commands-can.o
                0x080009b4                canCommandsInit
 .text.canProcessCommands
                0x08000aac      0x28c ./Core/Src/commands-can.o
                0x08000aac                canProcessCommands
 .text.HAL_CAN_RxFifo0MsgPendingCallback
                0x08000d38       0x78 ./Core/Src/commands-can.o
                0x08000d38                HAL_CAN_RxFifo0MsgPendingCallback
 .text.usartCommandsInit
                0x08000db0       0x44 ./Core/Src/commands-usart.o
                0x08000db0                usartCommandsInit
 .text.displayImageCMD
                0x08000df4       0x98 ./Core/Src/commands-usart.o
                0x08000df4                displayImageCMD
 .text.refreshCMD
                0x08000e8c       0x4c ./Core/Src/commands-usart.o
                0x08000e8c                refreshCMD
 .text.orCMD    0x08000ed8       0x3c ./Core/Src/commands-usart.o
                0x08000ed8                orCMD
 .text.stringsEqual
                0x08000f14       0x40 ./Core/Src/commands-usart.o
                0x08000f14                stringsEqual
 .text.parseCommand
                0x08000f54       0xbc ./Core/Src/commands-usart.o
                0x08000f54                parseCommand
 .text.HAL_UARTEx_RxEventCallback
                0x08001010       0x34 ./Core/Src/commands-usart.o
                0x08001010                HAL_UARTEx_RxEventCallback
 .text.ILI9488_RESET
                0x08001044       0x34 ./Core/Src/display-ili9488.o
                0x08001044                ILI9488_RESET
 .text.ILI9488_SELECT
                0x08001078       0x1a ./Core/Src/display-ili9488.o
                0x08001078                ILI9488_SELECT
 .text.ILI9488_DESELECT
                0x08001092       0x1a ./Core/Src/display-ili9488.o
                0x08001092                ILI9488_DESELECT
 .text.ILI9488_CMD
                0x080010ac       0x48 ./Core/Src/display-ili9488.o
                0x080010ac                ILI9488_CMD
 .text.ILI9488_DATA
                0x080010f4       0x4c ./Core/Src/display-ili9488.o
                0x080010f4                ILI9488_DATA
 .text.ILI9488_SET_RANGE
                0x08001140      0x114 ./Core/Src/display-ili9488.o
                0x08001140                ILI9488_SET_RANGE
 .text.ILI9488_BRIGHTNESS
                0x08001254       0x5e ./Core/Src/display-ili9488.o
                0x08001254                ILI9488_BRIGHTNESS
 *fill*         0x080012b2        0x2 
 .text.ILI9488_INIT
                0x080012b4      0x1c8 ./Core/Src/display-ili9488.o
                0x080012b4                ILI9488_INIT
 .text.ILI9488_REFRESH_DEBUG
                0x0800147c      0x100 ./Core/Src/display-ili9488.o
                0x0800147c                ILI9488_REFRESH_DEBUG
 .text.ILI9488_LOAD_IMAGE
                0x0800157c      0x468 ./Core/Src/display-ili9488.o
                0x0800157c                ILI9488_LOAD_IMAGE
 .text.ILI9488_LOAD_TEXT
                0x080019e4      0x2cc ./Core/Src/display-ili9488.o
                0x080019e4                ILI9488_LOAD_TEXT
 .text.ILI9488_DRAW
                0x08001cb0      0x49c ./Core/Src/display-ili9488.o
                0x08001cb0                ILI9488_DRAW
 .text.HAL_SPI_TxCpltCallback
                0x0800214c      0x1b0 ./Core/Src/display-ili9488.o
                0x0800214c                HAL_SPI_TxCpltCallback
 .text.main     0x080022fc      0x134 ./Core/Src/main.o
                0x080022fc                main
 .text.SystemClock_Config
                0x08002430       0xbe ./Core/Src/main.o
                0x08002430                SystemClock_Config
 *fill*         0x080024ee        0x2 
 .text.MX_CAN_Init
                0x080024f0       0x70 ./Core/Src/main.o
 .text.MX_SPI1_Init
                0x08002560       0x7c ./Core/Src/main.o
 .text.MX_TIM2_Init
                0x080025dc       0xa8 ./Core/Src/main.o
 .text.MX_TIM14_Init
                0x08002684       0xa4 ./Core/Src/main.o
 .text.MX_TIM17_Init
                0x08002728      0x108 ./Core/Src/main.o
 .text.MX_USART2_UART_Init
                0x08002830       0x60 ./Core/Src/main.o
 .text.MX_DMA_Init
                0x08002890       0x4c ./Core/Src/main.o
 .text.MX_GPIO_Init
                0x080028dc      0x1dc ./Core/Src/main.o
 .text.Error_Handler
                0x08002ab8        0xc ./Core/Src/main.o
                0x08002ab8                Error_Handler
 .text.HAL_MspInit
                0x08002ac4       0x48 ./Core/Src/stm32f0xx_hal_msp.o
                0x08002ac4                HAL_MspInit
 .text.HAL_CAN_MspInit
                0x08002b0c       0xac ./Core/Src/stm32f0xx_hal_msp.o
                0x08002b0c                HAL_CAN_MspInit
 .text.HAL_SPI_MspInit
                0x08002bb8      0x118 ./Core/Src/stm32f0xx_hal_msp.o
                0x08002bb8                HAL_SPI_MspInit
 .text.HAL_TIM_Base_MspInit
                0x08002cd0       0xa0 ./Core/Src/stm32f0xx_hal_msp.o
                0x08002cd0                HAL_TIM_Base_MspInit
 .text.HAL_TIM_MspPostInit
                0x08002d70       0xdc ./Core/Src/stm32f0xx_hal_msp.o
                0x08002d70                HAL_TIM_MspPostInit
 .text.HAL_UART_MspInit
                0x08002e4c      0x120 ./Core/Src/stm32f0xx_hal_msp.o
                0x08002e4c                HAL_UART_MspInit
 .text.NMI_Handler
                0x08002f6c        0x8 ./Core/Src/stm32f0xx_it.o
                0x08002f6c                NMI_Handler
 .text.HardFault_Handler
                0x08002f74        0x8 ./Core/Src/stm32f0xx_it.o
                0x08002f74                HardFault_Handler
 .text.SVC_Handler
                0x08002f7c        0xa ./Core/Src/stm32f0xx_it.o
                0x08002f7c                SVC_Handler
 .text.PendSV_Handler
                0x08002f86        0xa ./Core/Src/stm32f0xx_it.o
                0x08002f86                PendSV_Handler
 .text.SysTick_Handler
                0x08002f90        0xe ./Core/Src/stm32f0xx_it.o
                0x08002f90                SysTick_Handler
 *fill*         0x08002f9e        0x2 
 .text.DMA1_Ch1_IRQHandler
                0x08002fa0       0x18 ./Core/Src/stm32f0xx_it.o
                0x08002fa0                DMA1_Ch1_IRQHandler
 .text.DMA1_Ch2_3_DMA2_Ch1_2_IRQHandler
                0x08002fb8       0x18 ./Core/Src/stm32f0xx_it.o
                0x08002fb8                DMA1_Ch2_3_DMA2_Ch1_2_IRQHandler
 .text.TIM2_IRQHandler
                0x08002fd0       0x18 ./Core/Src/stm32f0xx_it.o
                0x08002fd0                TIM2_IRQHandler
 .text.USART2_IRQHandler
                0x08002fe8       0x18 ./Core/Src/stm32f0xx_it.o
                0x08002fe8                USART2_IRQHandler
 .text.CEC_CAN_IRQHandler
                0x08003000       0x18 ./Core/Src/stm32f0xx_it.o
                0x08003000                CEC_CAN_IRQHandler
 .text.processSwitches
                0x08003018      0x200 ./Core/Src/switches.o
                0x08003018                processSwitches
 .text.HAL_TIM_PeriodElapsedCallback
                0x08003218       0x28 ./Core/Src/switches.o
                0x08003218                HAL_TIM_PeriodElapsedCallback
 .text._sbrk    0x08003240       0x6c ./Core/Src/sysmem.o
                0x08003240                _sbrk
 .text.SystemInit
                0x080032ac        0xa ./Core/Src/system_stm32f0xx.o
                0x080032ac                SystemInit
 *fill*         0x080032b6        0x2 
 .text.Reset_Handler
                0x080032b8       0x50 ./Core/Startup/startup_stm32f091rctx.o
                0x080032b8                Reset_Handler
 .text.Default_Handler
                0x08003308        0x2 ./Core/Startup/startup_stm32f091rctx.o
                0x08003308                TIM1_CC_IRQHandler
                0x08003308                TSC_IRQHandler
                0x08003308                ADC1_COMP_IRQHandler
                0x08003308                I2C1_IRQHandler
                0x08003308                RCC_CRS_IRQHandler
                0x08003308                SPI1_IRQHandler
                0x08003308                TIM6_DAC_IRQHandler
                0x08003308                EXTI2_3_IRQHandler
                0x08003308                I2C2_IRQHandler
                0x08003308                TIM17_IRQHandler
                0x08003308                RTC_IRQHandler
                0x08003308                PVD_VDDIO2_IRQHandler
                0x08003308                TIM16_IRQHandler
                0x08003308                TIM3_IRQHandler
                0x08003308                EXTI4_15_IRQHandler
                0x08003308                USART3_8_IRQHandler
                0x08003308                Default_Handler
                0x08003308                TIM14_IRQHandler
                0x08003308                TIM7_IRQHandler
                0x08003308                TIM15_IRQHandler
                0x08003308                EXTI0_1_IRQHandler
                0x08003308                SPI2_IRQHandler
                0x08003308                DMA1_Ch4_7_DMA2_Ch3_5_IRQHandler
                0x08003308                WWDG_IRQHandler
                0x08003308                FLASH_IRQHandler
                0x08003308                USART1_IRQHandler
                0x08003308                TIM1_BRK_UP_TRG_COM_IRQHandler
 *fill*         0x0800330a        0x2 
 .text.HAL_Init
                0x0800330c       0x28 ./Drivers/STM32F0xx_HAL_Driver/Src/stm32f0xx_hal.o
                0x0800330c                HAL_Init
 .text.HAL_InitTick
                0x08003334       0x68 ./Drivers/STM32F0xx_HAL_Driver/Src/stm32f0xx_hal.o
                0x08003334                HAL_InitTick
 .text.HAL_IncTick
                0x0800339c       0x24 ./Drivers/STM32F0xx_HAL_Driver/Src/stm32f0xx_hal.o
                0x0800339c                HAL_IncTick
 .text.HAL_GetTick
                0x080033c0       0x14 ./Drivers/STM32F0xx_HAL_Driver/Src/stm32f0xx_hal.o
                0x080033c0                HAL_GetTick
 .text.HAL_Delay
                0x080033d4       0x48 ./Drivers/STM32F0xx_HAL_Driver/Src/stm32f0xx_hal.o
                0x080033d4                HAL_Delay
 .text.HAL_CAN_Init
                0x0800341c      0x1fc ./Drivers/STM32F0xx_HAL_Driver/Src/stm32f0xx_hal_can.o
                0x0800341c                HAL_CAN_Init
 .text.HAL_CAN_ConfigFilter
                0x08003618      0x1e4 ./Drivers/STM32F0xx_HAL_Driver/Src/stm32f0xx_hal_can.o
                0x08003618                HAL_CAN_ConfigFilter
 .text.HAL_CAN_Start
                0x080037fc       0x8c ./Drivers/STM32F0xx_HAL_Driver/Src/stm32f0xx_hal_can.o
                0x080037fc                HAL_CAN_Start
 .text.HAL_CAN_AddTxMessage
                0x08003888      0x1a4 ./Drivers/STM32F0xx_HAL_Driver/Src/stm32f0xx_hal_can.o
                0x08003888                HAL_CAN_AddTxMessage
 .text.HAL_CAN_GetRxMessage
                0x08003a2c      0x256 ./Drivers/STM32F0xx_HAL_Driver/Src/stm32f0xx_hal_can.o
                0x08003a2c                HAL_CAN_GetRxMessage
 .text.HAL_CAN_ActivateNotification
                0x08003c82       0x54 ./Drivers/STM32F0xx_HAL_Driver/Src/stm32f0xx_hal_can.o
                0x08003c82                HAL_CAN_ActivateNotification
 .text.HAL_CAN_IRQHandler
                0x08003cd6      0x368 ./Drivers/STM32F0xx_HAL_Driver/Src/stm32f0xx_hal_can.o
                0x08003cd6                HAL_CAN_IRQHandler
 .text.HAL_CAN_TxMailbox0CompleteCallback
                0x0800403e       0x10 ./Drivers/STM32F0xx_HAL_Driver/Src/stm32f0xx_hal_can.o
                0x0800403e                HAL_CAN_TxMailbox0CompleteCallback
 .text.HAL_CAN_TxMailbox1CompleteCallback
                0x0800404e       0x10 ./Drivers/STM32F0xx_HAL_Driver/Src/stm32f0xx_hal_can.o
                0x0800404e                HAL_CAN_TxMailbox1CompleteCallback
 .text.HAL_CAN_TxMailbox2CompleteCallback
                0x0800405e       0x10 ./Drivers/STM32F0xx_HAL_Driver/Src/stm32f0xx_hal_can.o
                0x0800405e                HAL_CAN_TxMailbox2CompleteCallback
 .text.HAL_CAN_TxMailbox0AbortCallback
                0x0800406e       0x10 ./Drivers/STM32F0xx_HAL_Driver/Src/stm32f0xx_hal_can.o
                0x0800406e                HAL_CAN_TxMailbox0AbortCallback
 .text.HAL_CAN_TxMailbox1AbortCallback
                0x0800407e       0x10 ./Drivers/STM32F0xx_HAL_Driver/Src/stm32f0xx_hal_can.o
                0x0800407e                HAL_CAN_TxMailbox1AbortCallback
 .text.HAL_CAN_TxMailbox2AbortCallback
                0x0800408e       0x10 ./Drivers/STM32F0xx_HAL_Driver/Src/stm32f0xx_hal_can.o
                0x0800408e                HAL_CAN_TxMailbox2AbortCallback
 .text.HAL_CAN_RxFifo0FullCallback
                0x0800409e       0x10 ./Drivers/STM32F0xx_HAL_Driver/Src/stm32f0xx_hal_can.o
                0x0800409e                HAL_CAN_RxFifo0FullCallback
 .text.HAL_CAN_RxFifo1MsgPendingCallback
                0x080040ae       0x10 ./Drivers/STM32F0xx_HAL_Driver/Src/stm32f0xx_hal_can.o
                0x080040ae                HAL_CAN_RxFifo1MsgPendingCallback
 .text.HAL_CAN_RxFifo1FullCallback
                0x080040be       0x10 ./Drivers/STM32F0xx_HAL_Driver/Src/stm32f0xx_hal_can.o
                0x080040be                HAL_CAN_RxFifo1FullCallback
 .text.HAL_CAN_SleepCallback
                0x080040ce       0x10 ./Drivers/STM32F0xx_HAL_Driver/Src/stm32f0xx_hal_can.o
                0x080040ce                HAL_CAN_SleepCallback
 .text.HAL_CAN_WakeUpFromRxMsgCallback
                0x080040de       0x10 ./Drivers/STM32F0xx_HAL_Driver/Src/stm32f0xx_hal_can.o
                0x080040de                HAL_CAN_WakeUpFromRxMsgCallback
 .text.HAL_CAN_ErrorCallback
                0x080040ee       0x10 ./Drivers/STM32F0xx_HAL_Driver/Src/stm32f0xx_hal_can.o
                0x080040ee                HAL_CAN_ErrorCallback
 *fill*         0x080040fe        0x2 
 .text.__NVIC_EnableIRQ
                0x08004100       0x34 ./Drivers/STM32F0xx_HAL_Driver/Src/stm32f0xx_hal_cortex.o
 .text.__NVIC_SetPriority
                0x08004134       0xdc ./Drivers/STM32F0xx_HAL_Driver/Src/stm32f0xx_hal_cortex.o
 .text.SysTick_Config
                0x08004210       0x48 ./Drivers/STM32F0xx_HAL_Driver/Src/stm32f0xx_hal_cortex.o
 .text.HAL_NVIC_SetPriority
                0x08004258       0x2a ./Drivers/STM32F0xx_HAL_Driver/Src/stm32f0xx_hal_cortex.o
                0x08004258                HAL_NVIC_SetPriority
 .text.HAL_NVIC_EnableIRQ
                0x08004282       0x20 ./Drivers/STM32F0xx_HAL_Driver/Src/stm32f0xx_hal_cortex.o
                0x08004282                HAL_NVIC_EnableIRQ
 .text.HAL_SYSTICK_Config
                0x080042a2       0x1a ./Drivers/STM32F0xx_HAL_Driver/Src/stm32f0xx_hal_cortex.o
                0x080042a2                HAL_SYSTICK_Config
 .text.HAL_DMA_Init
                0x080042bc       0x90 ./Drivers/STM32F0xx_HAL_Driver/Src/stm32f0xx_hal_dma.o
                0x080042bc                HAL_DMA_Init
 .text.HAL_DMA_Start_IT
                0x0800434c       0xcc ./Drivers/STM32F0xx_HAL_Driver/Src/stm32f0xx_hal_dma.o
                0x0800434c                HAL_DMA_Start_IT
 .text.HAL_DMA_Abort
                0x08004418       0x70 ./Drivers/STM32F0xx_HAL_Driver/Src/stm32f0xx_hal_dma.o
                0x08004418                HAL_DMA_Abort
 .text.HAL_DMA_Abort_IT
                0x08004488       0x8a ./Drivers/STM32F0xx_HAL_Driver/Src/stm32f0xx_hal_dma.o
                0x08004488                HAL_DMA_Abort_IT
 .text.HAL_DMA_IRQHandler
                0x08004512      0x144 ./Drivers/STM32F0xx_HAL_Driver/Src/stm32f0xx_hal_dma.o
                0x08004512                HAL_DMA_IRQHandler
 .text.DMA_SetConfig
                0x08004656       0x58 ./Drivers/STM32F0xx_HAL_Driver/Src/stm32f0xx_hal_dma.o
 *fill*         0x080046ae        0x2 
 .text.DMA_CalcBaseAndBitshift
                0x080046b0       0x74 ./Drivers/STM32F0xx_HAL_Driver/Src/stm32f0xx_hal_dma.o
 .text.HAL_FLASH_Program
                0x08004724      0x12c ./Drivers/STM32F0xx_HAL_Driver/Src/stm32f0xx_hal_flash.o
                0x08004724                HAL_FLASH_Program
 .text.HAL_FLASH_Unlock
                0x08004850       0x4c ./Drivers/STM32F0xx_HAL_Driver/Src/stm32f0xx_hal_flash.o
                0x08004850                HAL_FLASH_Unlock
 .text.HAL_FLASH_Lock
                0x0800489c       0x1c ./Drivers/STM32F0xx_HAL_Driver/Src/stm32f0xx_hal_flash.o
                0x0800489c                HAL_FLASH_Lock
 .text.FLASH_Program_HalfWord
                0x080048b8       0x38 ./Drivers/STM32F0xx_HAL_Driver/Src/stm32f0xx_hal_flash.o
 .text.FLASH_WaitForLastOperation
                0x080048f0       0x80 ./Drivers/STM32F0xx_HAL_Driver/Src/stm32f0xx_hal_flash.o
                0x080048f0                FLASH_WaitForLastOperation
 .text.FLASH_SetErrorCode
                0x08004970       0x60 ./Drivers/STM32F0xx_HAL_Driver/Src/stm32f0xx_hal_flash.o
 .text.HAL_FLASHEx_Erase
                0x080049d0       0xec ./Drivers/STM32F0xx_HAL_Driver/Src/stm32f0xx_hal_flash_ex.o
                0x080049d0                HAL_FLASHEx_Erase
 .text.FLASH_MassErase
                0x08004abc       0x30 ./Drivers/STM32F0xx_HAL_Driver/Src/stm32f0xx_hal_flash_ex.o
 .text.FLASH_PageErase
                0x08004aec       0x3c ./Drivers/STM32F0xx_HAL_Driver/Src/stm32f0xx_hal_flash_ex.o
                0x08004aec                FLASH_PageErase
 .text.HAL_GPIO_Init
                0x08004b28      0x2f0 ./Drivers/STM32F0xx_HAL_Driver/Src/stm32f0xx_hal_gpio.o
                0x08004b28                HAL_GPIO_Init
 .text.HAL_GPIO_ReadPin
                0x08004e18       0x3a ./Drivers/STM32F0xx_HAL_Driver/Src/stm32f0xx_hal_gpio.o
                0x08004e18                HAL_GPIO_ReadPin
 .text.HAL_GPIO_WritePin
                0x08004e52       0x3a ./Drivers/STM32F0xx_HAL_Driver/Src/stm32f0xx_hal_gpio.o
                0x08004e52                HAL_GPIO_WritePin
 .text.HAL_RCC_OscConfig
                0x08004e8c      0x70c ./Drivers/STM32F0xx_HAL_Driver/Src/stm32f0xx_hal_rcc.o
                0x08004e8c                HAL_RCC_OscConfig
 .text.HAL_RCC_ClockConfig
                0x08005598      0x1b4 ./Drivers/STM32F0xx_HAL_Driver/Src/stm32f0xx_hal_rcc.o
                0x08005598                HAL_RCC_ClockConfig
 .text.HAL_RCC_GetSysClockFreq
                0x0800574c       0xe4 ./Drivers/STM32F0xx_HAL_Driver/Src/stm32f0xx_hal_rcc.o
                0x0800574c                HAL_RCC_GetSysClockFreq
 .text.HAL_RCC_GetHCLKFreq
                0x08005830       0x14 ./Drivers/STM32F0xx_HAL_Driver/Src/stm32f0xx_hal_rcc.o
                0x08005830                HAL_RCC_GetHCLKFreq
 .text.HAL_RCC_GetPCLK1Freq
                0x08005844       0x2c ./Drivers/STM32F0xx_HAL_Driver/Src/stm32f0xx_hal_rcc.o
                0x08005844                HAL_RCC_GetPCLK1Freq
 .text.HAL_RCCEx_PeriphCLKConfig
                0x08005870      0x200 ./Drivers/STM32F0xx_HAL_Driver/Src/stm32f0xx_hal_rcc_ex.o
                0x08005870                HAL_RCCEx_PeriphCLKConfig
 .text.HAL_SPI_Init
                0x08005a70      0x170 ./Drivers/STM32F0xx_HAL_Driver/Src/stm32f0xx_hal_spi.o
                0x08005a70                HAL_SPI_Init
 .text.HAL_SPI_Transmit
                0x08005be0      0x2be ./Drivers/STM32F0xx_HAL_Driver/Src/stm32f0xx_hal_spi.o
                0x08005be0                HAL_SPI_Transmit
 *fill*         0x08005e9e        0x2 
 .text.HAL_SPI_Transmit_DMA
                0x08005ea0      0x204 ./Drivers/STM32F0xx_HAL_Driver/Src/stm32f0xx_hal_spi.o
                0x08005ea0                HAL_SPI_Transmit_DMA
 .text.HAL_SPI_TxHalfCpltCallback
                0x080060a4       0x10 ./Drivers/STM32F0xx_HAL_Driver/Src/stm32f0xx_hal_spi.o
                0x080060a4                HAL_SPI_TxHalfCpltCallback
 .text.HAL_SPI_ErrorCallback
                0x080060b4       0x10 ./Drivers/STM32F0xx_HAL_Driver/Src/stm32f0xx_hal_spi.o
                0x080060b4                HAL_SPI_ErrorCallback
 .text.SPI_DMATransmitCplt
                0x080060c4       0xac ./Drivers/STM32F0xx_HAL_Driver/Src/stm32f0xx_hal_spi.o
 .text.SPI_DMAHalfTransmitCplt
                0x08006170       0x1e ./Drivers/STM32F0xx_HAL_Driver/Src/stm32f0xx_hal_spi.o
 .text.SPI_DMAError
                0x0800618e       0x42 ./Drivers/STM32F0xx_HAL_Driver/Src/stm32f0xx_hal_spi.o
 .text.SPI_WaitFlagStateUntilTimeout
                0x080061d0      0x11c ./Drivers/STM32F0xx_HAL_Driver/Src/stm32f0xx_hal_spi.o
 .text.SPI_WaitFifoStateUntilTimeout
                0x080062ec      0x144 ./Drivers/STM32F0xx_HAL_Driver/Src/stm32f0xx_hal_spi.o
 .text.SPI_EndRxTxTransaction
                0x08006430       0x8c ./Drivers/STM32F0xx_HAL_Driver/Src/stm32f0xx_hal_spi.o
 .text.HAL_TIM_Base_Init
                0x080064bc       0xa0 ./Drivers/STM32F0xx_HAL_Driver/Src/stm32f0xx_hal_tim.o
                0x080064bc                HAL_TIM_Base_Init
 .text.HAL_TIM_Base_Start_IT
                0x0800655c       0xa4 ./Drivers/STM32F0xx_HAL_Driver/Src/stm32f0xx_hal_tim.o
                0x0800655c                HAL_TIM_Base_Start_IT
 .text.HAL_TIM_PWM_Init
                0x08006600       0xa0 ./Drivers/STM32F0xx_HAL_Driver/Src/stm32f0xx_hal_tim.o
                0x08006600                HAL_TIM_PWM_Init
 .text.HAL_TIM_PWM_MspInit
                0x080066a0       0x10 ./Drivers/STM32F0xx_HAL_Driver/Src/stm32f0xx_hal_tim.o
                0x080066a0                HAL_TIM_PWM_MspInit
 .text.HAL_TIM_PWM_Start
                0x080066b0      0x170 ./Drivers/STM32F0xx_HAL_Driver/Src/stm32f0xx_hal_tim.o
                0x080066b0                HAL_TIM_PWM_Start
 .text.HAL_TIM_IRQHandler
                0x08006820      0x1dc ./Drivers/STM32F0xx_HAL_Driver/Src/stm32f0xx_hal_tim.o
                0x08006820                HAL_TIM_IRQHandler
 .text.HAL_TIM_PWM_ConfigChannel
                0x080069fc      0x18c ./Drivers/STM32F0xx_HAL_Driver/Src/stm32f0xx_hal_tim.o
                0x080069fc                HAL_TIM_PWM_ConfigChannel
 .text.HAL_TIM_ConfigClockSource
                0x08006b88      0x1a8 ./Drivers/STM32F0xx_HAL_Driver/Src/stm32f0xx_hal_tim.o
                0x08006b88                HAL_TIM_ConfigClockSource
 .text.HAL_TIM_OC_DelayElapsedCallback
                0x08006d30       0x10 ./Drivers/STM32F0xx_HAL_Driver/Src/stm32f0xx_hal_tim.o
                0x08006d30                HAL_TIM_OC_DelayElapsedCallback
 .text.HAL_TIM_IC_CaptureCallback
                0x08006d40       0x10 ./Drivers/STM32F0xx_HAL_Driver/Src/stm32f0xx_hal_tim.o
                0x08006d40                HAL_TIM_IC_CaptureCallback
 .text.HAL_TIM_PWM_PulseFinishedCallback
                0x08006d50       0x10 ./Drivers/STM32F0xx_HAL_Driver/Src/stm32f0xx_hal_tim.o
                0x08006d50                HAL_TIM_PWM_PulseFinishedCallback
 .text.HAL_TIM_TriggerCallback
                0x08006d60       0x10 ./Drivers/STM32F0xx_HAL_Driver/Src/stm32f0xx_hal_tim.o
                0x08006d60                HAL_TIM_TriggerCallback
 .text.TIM_Base_SetConfig
                0x08006d70      0x11c ./Drivers/STM32F0xx_HAL_Driver/Src/stm32f0xx_hal_tim.o
                0x08006d70                TIM_Base_SetConfig
 .text.TIM_OC1_SetConfig
                0x08006e8c      0x110 ./Drivers/STM32F0xx_HAL_Driver/Src/stm32f0xx_hal_tim.o
 .text.TIM_OC2_SetConfig
                0x08006f9c      0x108 ./Drivers/STM32F0xx_HAL_Driver/Src/stm32f0xx_hal_tim.o
                0x08006f9c                TIM_OC2_SetConfig
 .text.TIM_OC3_SetConfig
                0x080070a4      0x10c ./Drivers/STM32F0xx_HAL_Driver/Src/stm32f0xx_hal_tim.o
 .text.TIM_OC4_SetConfig
                0x080071b0       0xd4 ./Drivers/STM32F0xx_HAL_Driver/Src/stm32f0xx_hal_tim.o
 .text.TIM_TI1_ConfigInputStage
                0x08007284       0x5c ./Drivers/STM32F0xx_HAL_Driver/Src/stm32f0xx_hal_tim.o
 .text.TIM_TI2_ConfigInputStage
                0x080072e0       0x64 ./Drivers/STM32F0xx_HAL_Driver/Src/stm32f0xx_hal_tim.o
 .text.TIM_ITRx_SetConfig
                0x08007344       0x32 ./Drivers/STM32F0xx_HAL_Driver/Src/stm32f0xx_hal_tim.o
 *fill*         0x08007376        0x2 
 .text.TIM_ETR_SetConfig
                0x08007378       0x40 ./Drivers/STM32F0xx_HAL_Driver/Src/stm32f0xx_hal_tim.o
                0x08007378                TIM_ETR_SetConfig
 .text.TIM_CCxChannelCmd
                0x080073b8       0x46 ./Drivers/STM32F0xx_HAL_Driver/Src/stm32f0xx_hal_tim.o
                0x080073b8                TIM_CCxChannelCmd
 *fill*         0x080073fe        0x2 
 .text.HAL_TIMEx_MasterConfigSynchronization
                0x08007400       0xbc ./Drivers/STM32F0xx_HAL_Driver/Src/stm32f0xx_hal_tim_ex.o
                0x08007400                HAL_TIMEx_MasterConfigSynchronization
 .text.HAL_TIMEx_ConfigBreakDeadTime
                0x080074bc       0xbc ./Drivers/STM32F0xx_HAL_Driver/Src/stm32f0xx_hal_tim_ex.o
                0x080074bc                HAL_TIMEx_ConfigBreakDeadTime
 .text.HAL_TIMEx_CommutCallback
                0x08007578       0x10 ./Drivers/STM32F0xx_HAL_Driver/Src/stm32f0xx_hal_tim_ex.o
                0x08007578                HAL_TIMEx_CommutCallback
 .text.HAL_TIMEx_BreakCallback
                0x08007588       0x10 ./Drivers/STM32F0xx_HAL_Driver/Src/stm32f0xx_hal_tim_ex.o
                0x08007588                HAL_TIMEx_BreakCallback
 .text.HAL_UART_Init
                0x08007598       0xa8 ./Drivers/STM32F0xx_HAL_Driver/Src/stm32f0xx_hal_uart.o
                0x08007598                HAL_UART_Init
 .text.HAL_UART_Transmit_IT
                0x08007640       0xe0 ./Drivers/STM32F0xx_HAL_Driver/Src/stm32f0xx_hal_uart.o
                0x08007640                HAL_UART_Transmit_IT
 .text.HAL_UART_IRQHandler
                0x08007720      0x5c0 ./Drivers/STM32F0xx_HAL_Driver/Src/stm32f0xx_hal_uart.o
                0x08007720                HAL_UART_IRQHandler
 .text.HAL_UART_TxCpltCallback
                0x08007ce0       0x10 ./Drivers/STM32F0xx_HAL_Driver/Src/stm32f0xx_hal_uart.o
                0x08007ce0                HAL_UART_TxCpltCallback
 .text.HAL_UART_RxCpltCallback
                0x08007cf0       0x10 ./Drivers/STM32F0xx_HAL_Driver/Src/stm32f0xx_hal_uart.o
                0x08007cf0                HAL_UART_RxCpltCallback
 .text.HAL_UART_RxHalfCpltCallback
                0x08007d00       0x10 ./Drivers/STM32F0xx_HAL_Driver/Src/stm32f0xx_hal_uart.o
                0x08007d00                HAL_UART_RxHalfCpltCallback
 .text.HAL_UART_ErrorCallback
                0x08007d10       0x10 ./Drivers/STM32F0xx_HAL_Driver/Src/stm32f0xx_hal_uart.o
                0x08007d10                HAL_UART_ErrorCallback
 .text.UART_SetConfig
                0x08007d20      0x3d0 ./Drivers/STM32F0xx_HAL_Driver/Src/stm32f0xx_hal_uart.o
                0x08007d20                UART_SetConfig
 .text.UART_AdvFeatureConfig
                0x080080f0      0x168 ./Drivers/STM32F0xx_HAL_Driver/Src/stm32f0xx_hal_uart.o
                0x080080f0                UART_AdvFeatureConfig
 .text.UART_CheckIdleState
                0x08008258      0x150 ./Drivers/STM32F0xx_HAL_Driver/Src/stm32f0xx_hal_uart.o
                0x08008258                UART_CheckIdleState
 .text.UART_WaitOnFlagUntilTimeout
                0x080083a8       0xde ./Drivers/STM32F0xx_HAL_Driver/Src/stm32f0xx_hal_uart.o
                0x080083a8                UART_WaitOnFlagUntilTimeout
 *fill*         0x08008486        0x2 
 .text.UART_Start_Receive_DMA
                0x08008488      0x140 ./Drivers/STM32F0xx_HAL_Driver/Src/stm32f0xx_hal_uart.o
                0x08008488                UART_Start_Receive_DMA
 .text.UART_EndTxTransfer
                0x080085c8       0x48 ./Drivers/STM32F0xx_HAL_Driver/Src/stm32f0xx_hal_uart.o
 .text.UART_EndRxTransfer
                0x08008610       0xc8 ./Drivers/STM32F0xx_HAL_Driver/Src/stm32f0xx_hal_uart.o
 .text.UART_DMAReceiveCplt
                0x080086d8      0x12c ./Drivers/STM32F0xx_HAL_Driver/Src/stm32f0xx_hal_uart.o
 .text.UART_DMARxHalfCplt
                0x08008804       0x42 ./Drivers/STM32F0xx_HAL_Driver/Src/stm32f0xx_hal_uart.o
 .text.UART_DMAError
                0x08008846       0x84 ./Drivers/STM32F0xx_HAL_Driver/Src/stm32f0xx_hal_uart.o
 .text.UART_DMAAbortOnError
                0x080088ca       0x2e ./Drivers/STM32F0xx_HAL_Driver/Src/stm32f0xx_hal_uart.o
 .text.UART_TxISR_8BIT
                0x080088f8       0xb2 ./Drivers/STM32F0xx_HAL_Driver/Src/stm32f0xx_hal_uart.o
 .text.UART_TxISR_16BIT
                0x080089aa       0xbc ./Drivers/STM32F0xx_HAL_Driver/Src/stm32f0xx_hal_uart.o
 .text.UART_EndTransmit_IT
                0x08008a66       0x56 ./Drivers/STM32F0xx_HAL_Driver/Src/stm32f0xx_hal_uart.o
 .text.HAL_UARTEx_WakeupCallback
                0x08008abc       0x10 ./Drivers/STM32F0xx_HAL_Driver/Src/stm32f0xx_hal_uart_ex.o
                0x08008abc                HAL_UARTEx_WakeupCallback
 .text.HAL_UARTEx_ReceiveToIdle_DMA
                0x08008acc       0xd0 ./Drivers/STM32F0xx_HAL_Driver/Src/stm32f0xx_hal_uart_ex.o
                0x08008acc                HAL_UARTEx_ReceiveToIdle_DMA
 .text.snprintf
                0x08008b9c       0x68 /opt/stm32cubeide/plugins/com.st.stm32cube.ide.mcu.externaltools.gnu-tools-for-stm32.14.3.rel1.linux64_1.0.100.202602081740/tools/bin/../lib/gcc/arm-none-eabi/14.3.1/../../../../arm-none-eabi/lib/thumb/v6-m/nofp/libc_nano.a(libc_a-snprintf.o)
                0x08008b9c                snprintf
                0x08008b9c                sniprintf
 .text.memset   0x08008c04       0x10 /opt/stm32cubeide/plugins/com.st.stm32cube.ide.mcu.externaltools.gnu-tools-for-stm32.14.3.rel1.linux64_1.0.100.202602081740/tools/bin/../lib/gcc/arm-none-eabi/14.3.1/../../../../arm-none-eabi/lib/thumb/v6-m/nofp/libc_nano.a(libc_a-memset.o)
                0x08008c04                memset
 .text.__errno  0x08008c14        0xc /opt/stm32cubeide/plugins/com.st.stm32cube.ide.mcu.externaltools.gnu-tools-for-stm32.14.3.rel1.linux64_1.0.100.202602081740/tools/bin/../lib/gcc/arm-none-eabi/14.3.1/../../../../arm-none-eabi/lib/thumb/v6-m/nofp/libc_nano.a(libc_a-errno.o)
                0x08008c14                __errno
 .text.__libc_init_array
                0x08008c20       0x48 /opt/stm32cubeide/plugins/com.st.stm32cube.ide.mcu.externaltools.gnu-tools-for-stm32.14.3.rel1.linux64_1.0.100.202602081740/tools/bin/../lib/gcc/arm-none-eabi/14.3.1/../../../../arm-none-eabi/lib/thumb/v6-m/nofp/libc_nano.a(libc_a-init.o)
                0x08008c20                __libc_init_array
 .text.__retarget_lock_acquire_recursive
                0x08008c68        0x2 /opt/stm32cubeide/plugins/com.st.stm32cube.ide.mcu.externaltools.gnu-tools-for-stm32.14.3.rel1.linux64_1.0.100.202602081740/tools/bin/../lib/gcc/arm-none-eabi/14.3.1/../../../../arm-none-eabi/lib/thumb/v6-m/nofp/libc_nano.a(libc_a-lock.o)
                0x08008c68                __retarget_lock_acquire_recursive
 .text.__retarget_lock_release_recursive
                0x08008c6a        0x2 /opt/stm32cubeide/plugins/com.st.stm32cube.ide.mcu.externaltools.gnu-tools-for-stm32.14.3.rel1.linux64_1.0.100.202602081740/tools/bin/../lib/gcc/arm-none-eabi/14.3.1/../../../../arm-none-eabi/lib/thumb/v6-m/nofp/libc_nano.a(libc_a-lock.o)
                0x08008c6a                __retarget_lock_release_recursive
 .text._free_r  0x08008c6c       0x94 /opt/stm32cubeide/plugins/com.st.stm32cube.ide.mcu.externaltools.gnu-tools-for-stm32.14.3.rel1.linux64_1.0.100.202602081740/tools/bin/../lib/gcc/arm-none-eabi/14.3.1/../../../../arm-none-eabi/lib/thumb/v6-m/nofp/libc_nano.a(libc_a-freer.o)
                0x08008c6c                _free_r
 .text.sbrk_aligned
                0x08008d00       0x44 /opt/stm32cubeide/plugins/com.st.stm32cube.ide.mcu.externaltools.gnu-tools-for-stm32.14.3.rel1.linux64_1.0.100.202602081740/tools/bin/../lib/gcc/arm-none-eabi/14.3.1/../../../../arm-none-eabi/lib/thumb/v6-m/nofp/libc_nano.a(libc_a-mallocr.o)
 .text._malloc_r
                0x08008d44      0x100 /opt/stm32cubeide/plugins/com.st.stm32cube.ide.mcu.externaltools.gnu-tools-for-stm32.14.3.rel1.linux64_1.0.100.202602081740/tools/bin/../lib/gcc/arm-none-eabi/14.3.1/../../../../arm-none-eabi/lib/thumb/v6-m/nofp/libc_nano.a(libc_a-mallocr.o)
                0x08008d44                _malloc_r
 .text.__malloc_lock
                0x08008e44       0x10 /opt/stm32cubeide/plugins/com.st.stm32cube.ide.mcu.externaltools.gnu-tools-for-stm32.14.3.rel1.linux64_1.0.100.202602081740/tools/bin/../lib/gcc/arm-none-eabi/14.3.1/../../../../arm-none-eabi/lib/thumb/v6-m/nofp/libc_nano.a(libc_a-mlock.o)
                0x08008e44                __malloc_lock
 .text.__malloc_unlock
                0x08008e54       0x10 /opt/stm32cubeide/plugins/com.st.stm32cube.ide.mcu.externaltools.gnu-tools-for-stm32.14.3.rel1.linux64_1.0.100.202602081740/tools/bin/../lib/gcc/arm-none-eabi/14.3.1/../../../../arm-none-eabi/lib/thumb/v6-m/nofp/libc_nano.a(libc_a-mlock.o)
                0x08008e54                __malloc_unlock
 .text.__ssputs_r
                0x08008e64       0xc8 /opt/stm32cubeide/plugins/com.st.stm32cube.ide.mcu.externaltools.gnu-tools-for-stm32.14.3.rel1.linux64_1.0.100.202602081740/tools/bin/../lib/gcc/arm-none-eabi/14.3.1/../../../../arm-none-eabi/lib/thumb/v6-m/nofp/libc_nano.a(libc_a-nano-svfprintf.o)
                0x08008e64                __ssputs_r
 .text._svfprintf_r
                0x08008f2c      0x1f4 /opt/stm32cubeide/plugins/com.st.stm32cube.ide.mcu.externaltools.gnu-tools-for-stm32.14.3.rel1.linux64_1.0.100.202602081740/tools/bin/../lib/gcc/arm-none-eabi/14.3.1/../../../../arm-none-eabi/lib/thumb/v6-m/nofp/libc_nano.a(libc_a-nano-svfprintf.o)
                0x08008f2c                _svfprintf_r
                0x08008f2c                _svfiprintf_r
 .text._printf_common
                0x08009120       0xde /opt/stm32cubeide/plugins/com.st.stm32cube.ide.mcu.externaltools.gnu-tools-for-stm32.14.3.rel1.linux64_1.0.100.202602081740/tools/bin/../lib/gcc/arm-none-eabi/14.3.1/../../../../arm-none-eabi/lib/thumb/v6-m/nofp/libc_nano.a(libc_a-nano-vfprintf_i.o)
                0x08009120                _printf_common
 *fill*         0x080091fe        0x2 
 .text._printf_i
                0x08009200      0x218 /opt/stm32cubeide/plugins/com.st.stm32cube.ide.mcu.externaltools.gnu-tools-for-stm32.14.3.rel1.linux64_1.0.100.202602081740/tools/bin/../lib/gcc/arm-none-eabi/14.3.1/../../../../arm-none-eabi/lib/thumb/v6-m/nofp/libc_nano.a(libc_a-nano-vfprintf_i.o)
                0x08009200                _printf_i
 .text.memmove  0x08009418       0x24 /opt/stm32cubeide/plugins/com.st.stm32cube.ide.mcu.externaltools.gnu-tools-for-stm32.14.3.rel1.linux64_1.0.100.202602081740/tools/bin/../lib/gcc/arm-none-eabi/14.3.1/../../../../arm-none-eabi/lib/thumb/v6-m/nofp/libc_nano.a(libc_a-memmove.o)
                0x08009418                memmove
 .text._sbrk_r  0x0800943c       0x24 /opt/stm32cubeide/plugins/com.st.stm32cube.ide.mcu.externaltools.gnu-tools-for-stm32.14.3.rel1.linux64_1.0.100.202602081740/tools/bin/../lib/gcc/arm-none-eabi/14.3.1/../../../../arm-none-eabi/lib/thumb/v6-m/nofp/libc_nano.a(libc_a-sbrkr.o)
                0x0800943c                _sbrk_r
 .text.memchr   0x08009460       0x16 /opt/stm32cubeide/plugins/com.st.stm32cube.ide.mcu.externaltools.gnu-tools-for-stm32.14.3.rel1.linux64_1.0.100.202602081740/tools/bin/../lib/gcc/arm-none-eabi/14.3.1/../../../../arm-none-eabi/lib/thumb/v6-m/nofp/libc_nano.a(libc_a-memchr-stub.o)
                0x08009460                memchr
 .text.memcpy   0x08009476       0x12 /opt/stm32cubeide/plugins/com.st.stm32cube.ide.mcu.externaltools.gnu-tools-for-stm32.14.3.rel1.linux64_1.0.100.202602081740/tools/bin/../lib/gcc/arm-none-eabi/14.3.1/../../../../arm-none-eabi/lib/thumb/v6-m/nofp/libc_nano.a(libc_a-memcpy-stub.o)
                0x08009476                memcpy
 .text._realloc_r
                0x08009488       0x60 /opt/stm32cubeide/plugins/com.st.stm32cube.ide.mcu.externaltools.gnu-tools-for-stm32.14.3.rel1.linux64_1.0.100.202602081740/tools/bin/../lib/gcc/arm-none-eabi/14.3.1/../../../../arm-none-eabi/lib/thumb/v6-m/nofp/libc_nano.a(libc_a-reallocr.o)
                0x08009488                _realloc_r
 .text._malloc_usable_size_r
                0x080094e8       0x10 /opt/stm32cubeide/plugins/com.st.stm32cube.ide.mcu.externaltools.gnu-tools-for-stm32.14.3.rel1.linux64_1.0.100.202602081740/tools/bin/../lib/gcc/arm-none-eabi/14.3.1/../../../../arm-none-eabi/lib/thumb/v6-m/nofp/libc_nano.a(libc_a-msizer.o)
                0x080094e8                _malloc_usable_size_r
 *(.glue_7)
 .glue_7        0x080094f8        0x0 linker stubs
 *(.glue_7t)
 .glue_7t       0x080094f8        0x0 linker stubs
 *(.eh_frame)
 .eh_frame      0x080094f8        0x0 /opt/stm32cubeide/plugins/com.st.stm32cube.ide.mcu.externaltools.gnu-tools-for-stm32.14.3.rel1.linux64_1.0.100.202602081740/tools/bin/../lib/gcc/arm-none-eabi/14.3.1/thumb/v6-m/nofp/crtbegin.o
 *(.init)
 .init          0x080094f8        0x4 /opt/stm32cubeide/plugins/com.st.stm32cube.ide.mcu.externaltools.gnu-tools-for-stm32.14.3.rel1.linux64_1.0.100.202602081740/tools/bin/../lib/gcc/arm-none-eabi/14.3.1/thumb/v6-m/nofp/crti.o
                0x080094f8                _init
 .init          0x080094fc        0x8 /opt/stm32cubeide/plugins/com.st.stm32cube.ide.mcu.externaltools.gnu-tools-for-stm32.14.3.rel1.linux64_1.0.100.202602081740/tools/bin/../lib/gcc/arm-none-eabi/14.3.1/thumb/v6-m/nofp/crtn.o
 *(.fini)
 .fini          0x08009504        0x4 /opt/stm32cubeide/plugins/com.st.stm32cube.ide.mcu.externaltools.gnu-tools-for-stm32.14.3.rel1.linux64_1.0.100.202602081740/tools/bin/../lib/gcc/arm-none-eabi/14.3.1/thumb/v6-m/nofp/crti.o
                0x08009504                _fini
 .fini          0x08009508        0x8 /opt/stm32cubeide/plugins/com.st.stm32cube.ide.mcu.externaltools.gnu-tools-for-stm32.14.3.rel1.linux64_1.0.100.202602081740/tools/bin/../lib/gcc/arm-none-eabi/14.3.1/thumb/v6-m/nofp/crtn.o
                0x08009510                        . = ALIGN (0x4)
                0x08009510                        _etext = .

.vfp11_veneer   0x08009510        0x0
 .vfp11_veneer  0x08009510        0x0 linker stubs

.v4_bx          0x08009510        0x0
 .v4_bx         0x08009510        0x0 linker stubs

.iplt           0x08009510        0x0
 .iplt          0x08009510        0x0 /opt/stm32cubeide/plugins/com.st.stm32cube.ide.mcu.externaltools.gnu-tools-for-stm32.14.3.rel1.linux64_1.0.100.202602081740/tools/bin/../lib/gcc/arm-none-eabi/14.3.1/thumb/v6-m/nofp/crtbegin.o

.rodata         0x08009510    0x1c6ec
                0x08009510                        . = ALIGN (0x4)
 *(.rodata)
 .rodata        0x08009510      0x1cc ./Core/Src/commands-can.o
 .rodata        0x080096dc       0x44 ./Core/Src/commands-usart.o
 .rodata        0x08009720       0xf5 ./Core/Src/main.o
 *(.rodata*)
 *fill*         0x08009815        0x3 
 .rodata.frequencySettings
                0x08009818       0x20 ./Core/Src/alarm.o
 .rodata.SYSFAIL_480x320_DATA
                0x08009838     0x148d ./Core/Src/commands-can.o
 *fill*         0x0800acc5        0x3 
 .rodata.SYSFAIL_480x320
                0x0800acc8        0xc ./Core/Src/commands-can.o
 .rodata.font_DATA0
                0x0800acd4       0xc8 ./Core/Src/commands-can.o
 .rodata.font_DATA1
                0x0800ad9c       0xc8 ./Core/Src/commands-can.o
 .rodata.font_DATA2
                0x0800ae64       0xc8 ./Core/Src/commands-can.o
 .rodata.font_DATA3
                0x0800af2c       0xc8 ./Core/Src/commands-can.o
 .rodata.font_DATA4
                0x0800aff4       0xc8 ./Core/Src/commands-can.o
 .rodata.font_DATA5
                0x0800b0bc       0xc8 ./Core/Src/commands-can.o
 .rodata.font_DATA6
                0x0800b184       0xc8 ./Core/Src/commands-can.o
 .rodata.font_DATA7
                0x0800b24c       0xc8 ./Core/Src/commands-can.o
 .rodata.font_DATA8
                0x0800b314       0xc8 ./Core/Src/commands-can.o
 .rodata.font_DATA9
                0x0800b3dc       0xc8 ./Core/Src/commands-can.o
 .rodata.font_DATA10
                0x0800b4a4       0xc8 ./Core/Src/commands-can.o
 .rodata.font_DATA11
                0x0800b56c       0xc8 ./Core/Src/commands-can.o
 .rodata.font_DATA12
                0x0800b634       0xc8 ./Core/Src/commands-can.o
 .rodata.font_DATA13
                0x0800b6fc       0xc8 ./Core/Src/commands-can.o
 .rodata.font_DATA14
                0x0800b7c4       0xc8 ./Core/Src/commands-can.o
 .rodata.font_DATA15
                0x0800b88c       0xc8 ./Core/Src/commands-can.o
 .rodata.font_DATA16
                0x0800b954       0xc8 ./Core/Src/commands-can.o
 .rodata.font_DATA17
                0x0800ba1c       0xc8 ./Core/Src/commands-can.o
 .rodata.font_DATA18
                0x0800bae4       0xc8 ./Core/Src/commands-can.o
 .rodata.font_DATA19
                0x0800bbac       0xc8 ./Core/Src/commands-can.o
 .rodata.font_DATA20
                0x0800bc74       0xc8 ./Core/Src/commands-can.o
 .rodata.font_DATA21
                0x0800bd3c       0xc8 ./Core/Src/commands-can.o
 .rodata.font_DATA22
                0x0800be04       0xc8 ./Core/Src/commands-can.o
 .rodata.font_DATA23
                0x0800becc       0xc8 ./Core/Src/commands-can.o
 .rodata.font_DATA24
                0x0800bf94       0xc8 ./Core/Src/commands-can.o
 .rodata.font_DATA25
                0x0800c05c       0xc8 ./Core/Src/commands-can.o
 .rodata.font_DATA26
                0x0800c124       0xc8 ./Core/Src/commands-can.o
 .rodata.font_DATA27
                0x0800c1ec       0xc8 ./Core/Src/commands-can.o
 .rodata.font_DATA28
                0x0800c2b4       0xc8 ./Core/Src/commands-can.o
 .rodata.font_DATA29
                0x0800c37c       0xc8 ./Core/Src/commands-can.o
 .rodata.font_DATA30
                0x0800c444       0xc8 ./Core/Src/commands-can.o
 .rodata.font_DATA31
                0x0800c50c       0xc8 ./Core/Src/commands-can.o
 .rodata.font_DATA32
                0x0800c5d4       0xc8 ./Core/Src/commands-can.o
 .rodata.font_DATA33
                0x0800c69c       0xc8 ./Core/Src/commands-can.o
 .rodata.font_DATA34
                0x0800c764       0xc8 ./Core/Src/commands-can.o
 .rodata.font_DATA35
                0x0800c82c       0xc8 ./Core/Src/commands-can.o
 .rodata.font_DATA36
                0x0800c8f4       0xc8 ./Core/Src/commands-can.o
 .rodata.font_DATA37
                0x0800c9bc       0xc8 ./Core/Src/commands-can.o
 .rodata.font_DATA38
                0x0800ca84       0xc8 ./Core/Src/commands-can.o
 .rodata.font_DATA39
                0x0800cb4c       0xc8 ./Core/Src/commands-can.o
 .rodata.font_DATA40
                0x0800cc14       0xc8 ./Core/Src/commands-can.o
 .rodata.font_DATA41
                0x0800ccdc       0xc8 ./Core/Src/commands-can.o
 .rodata.font_DATA42
                0x0800cda4       0xc8 ./Core/Src/commands-can.o
 .rodata.font_DATA43
                0x0800ce6c       0xc8 ./Core/Src/commands-can.o
 .rodata.font_DATA44
                0x0800cf34       0xc8 ./Core/Src/commands-can.o
 .rodata.font_DATA45
                0x0800cffc       0xc8 ./Core/Src/commands-can.o
 .rodata.font_DATA46
                0x0800d0c4       0xc8 ./Core/Src/commands-can.o
 .rodata.font_DATA47
                0x0800d18c       0xc8 ./Core/Src/commands-can.o
 .rodata.font_DATA48
                0x0800d254       0xc8 ./Core/Src/commands-can.o
 .rodata.font_DATA49
                0x0800d31c       0xc8 ./Core/Src/commands-can.o
 .rodata.font_DATA50
                0x0800d3e4       0xc8 ./Core/Src/commands-can.o
 .rodata.font_DATA51
                0x0800d4ac       0xc8 ./Core/Src/commands-can.o
 .rodata.font_DATA52
                0x0800d574       0xc8 ./Core/Src/commands-can.o
 .rodata.font_DATA53
                0x0800d63c       0xc8 ./Core/Src/commands-can.o
 .rodata.font_DATA54
                0x0800d704       0xc8 ./Core/Src/commands-can.o
 .rodata.font_DATA55
                0x0800d7cc       0xc8 ./Core/Src/commands-can.o
 .rodata.font_DATA56
                0x0800d894       0xc8 ./Core/Src/commands-can.o
 .rodata.font_DATA57
                0x0800d95c       0xc8 ./Core/Src/commands-can.o
 .rodata.font_DATA58
                0x0800da24       0xc8 ./Core/Src/commands-can.o
 .rodata.font_DATA59
                0x0800daec       0xc8 ./Core/Src/commands-can.o
 .rodata.font_DATA60
                0x0800dbb4       0xc8 ./Core/Src/commands-can.o
 .rodata.font_DATA61
                0x0800dc7c       0xc8 ./Core/Src/commands-can.o
 .rodata.font_DATA62
                0x0800dd44       0xc8 ./Core/Src/commands-can.o
 .rodata.font_DATA63
                0x0800de0c       0xc8 ./Core/Src/commands-can.o
 .rodata.font_DATA64
                0x0800ded4       0xc8 ./Core/Src/commands-can.o
 .rodata.font_DATA65
                0x0800df9c       0xc8 ./Core/Src/commands-can.o
 .rodata.font_DATA66
                0x0800e064       0xc8 ./Core/Src/commands-can.o
 .rodata.font_DATA67
                0x0800e12c       0xc8 ./Core/Src/commands-can.o
 .rodata.font_DATA68
                0x0800e1f4       0xc8 ./Core/Src/commands-can.o
 .rodata.font_DATA69
                0x0800e2bc       0xc8 ./Core/Src/commands-can.o
 .rodata.font_DATA70
                0x0800e384       0xc8 ./Core/Src/commands-can.o
 .rodata.font_DATA71
                0x0800e44c       0xc8 ./Core/Src/commands-can.o
 .rodata.font_DATA72
                0x0800e514       0xc8 ./Core/Src/commands-can.o
 .rodata.font_DATA73
                0x0800e5dc       0xc8 ./Core/Src/commands-can.o
 .rodata.font_DATA74
                0x0800e6a4       0xc8 ./Core/Src/commands-can.o
 .rodata.font_DATA75
                0x0800e76c       0xc8 ./Core/Src/commands-can.o
 .rodata.font_DATA76
                0x0800e834       0xc8 ./Core/Src/commands-can.o
 .rodata.font_DATA77
                0x0800e8fc       0xc8 ./Core/Src/commands-can.o
 .rodata.font_DATA78
                0x0800e9c4       0xc8 ./Core/Src/commands-can.o
 .rodata.font_DATA79
                0x0800ea8c       0xc8 ./Core/Src/commands-can.o
 .rodata.font_DATA80
                0x0800eb54       0xc8 ./Core/Src/commands-can.o
 .rodata.font_DATA81
                0x0800ec1c       0xc8 ./Core/Src/commands-can.o
 .rodata.font_DATA82
                0x0800ece4       0xc8 ./Core/Src/commands-can.o
 .rodata.font_DATA83
                0x0800edac       0xc8 ./Core/Src/commands-can.o
 .rodata.font_DATA84
                0x0800ee74       0xc8 ./Core/Src/commands-can.o
 .rodata.font_DATA85
                0x0800ef3c       0xc8 ./Core/Src/commands-can.o
 .rodata.font_DATA86
                0x0800f004       0xc8 ./Core/Src/commands-can.o
 .rodata.font_DATA87
                0x0800f0cc       0xc8 ./Core/Src/commands-can.o
 .rodata.font_DATA88
                0x0800f194       0xc8 ./Core/Src/commands-can.o
 .rodata.font_DATA89
                0x0800f25c       0xc8 ./Core/Src/commands-can.o
 .rodata.font_DATA90
                0x0800f324       0xc8 ./Core/Src/commands-can.o
 .rodata.font_DATA91
                0x0800f3ec       0xc8 ./Core/Src/commands-can.o
 .rodata.font_DATA92
                0x0800f4b4       0xc8 ./Core/Src/commands-can.o
 .rodata.font_DATA93
                0x0800f57c       0xc8 ./Core/Src/commands-can.o
 .rodata.font_DATA94
                0x0800f644       0xc8 ./Core/Src/commands-can.o
 .rodata.font_DATA95
                0x0800f70c       0xc8 ./Core/Src/commands-can.o
 .rodata.font   0x0800f7d4      0x300 ./Core/Src/commands-can.o
 .rodata.version
                0x0800fad4        0x8 ./Core/Src/commands-can.o
                0x0800fad4                version
 .rodata.commands
                0x0800fadc       0x40 ./Core/Src/commands-can.o
 .rodata.File_002_ObjNum_001_NEW_6_17_26_DATA
                0x0800fb1c      0xf4f ./Core/Src/commands-usart.o
 *fill*         0x08010a6b        0x1 
 .rodata.File_002_ObjNum_001_NEW_6_17_26
                0x08010a6c        0xc ./Core/Src/commands-usart.o
 .rodata.File_005_ObjNum_004_480x320_6_18_26_DATA
                0x08010a78      0x4b5 ./Core/Src/commands-usart.o
 *fill*         0x08010f2d        0x3 
 .rodata.File_005_ObjNum_004_480x320_6_18_26
                0x08010f30        0xc ./Core/Src/commands-usart.o
 .rodata.File_006_ObjNum_005_480x320_6_18_26_C_DATA
                0x08010f3c      0xbb3 ./Core/Src/commands-usart.o
 *fill*         0x08011aef        0x1 
 .rodata.File_006_ObjNum_005_480x320_6_18_26_C
                0x08011af0        0xc ./Core/Src/commands-usart.o
 .rodata.File_007_ObjNum_006_480x320_6_18_26_DATA
                0x08011afc      0x4b5 ./Core/Src/commands-usart.o
 *fill*         0x08011fb1        0x3 
 .rodata.File_007_ObjNum_006_480x320_6_18_26
                0x08011fb4        0xc ./Core/Src/commands-usart.o
 .rodata.File_008_ObjNum_007_96x190_6_18_26_DATA
                0x08011fc0      0x2ad ./Core/Src/commands-usart.o
 *fill*         0x0801226d        0x3 
 .rodata.File_008_ObjNum_007_96x190_6_18_26
                0x08012270        0xc ./Core/Src/commands-usart.o
 .rodata.File_009_ObjNum_008_96x190_6_18_26_DATA
                0x0801227c      0x2bd ./Core/Src/commands-usart.o
 *fill*         0x08012539        0x3 
 .rodata.File_009_ObjNum_008_96x190_6_18_26
                0x0801253c        0xc ./Core/Src/commands-usart.o
 .rodata.File_010_ObjNum_009_96x190_6_18_26_DATA
                0x08012548      0x2c5 ./Core/Src/commands-usart.o
 *fill*         0x0801280d        0x3 
 .rodata.File_010_ObjNum_009_96x190_6_18_26
                0x08012810        0xc ./Core/Src/commands-usart.o
 .rodata.File_011_ObjNum_010_96x190_6_18_26_DATA
                0x0801281c      0x2dd ./Core/Src/commands-usart.o
 *fill*         0x08012af9        0x3 
 .rodata.File_011_ObjNum_010_96x190_6_18_26
                0x08012afc        0xc ./Core/Src/commands-usart.o
 .rodata.File_012_ObjNum_011_96x190_6_18_26_DATA
                0x08012b08      0x2ed ./Core/Src/commands-usart.o
 *fill*         0x08012df5        0x3 
 .rodata.File_012_ObjNum_011_96x190_6_18_26
                0x08012df8        0xc ./Core/Src/commands-usart.o
 .rodata.File_013_ObjNum_012_96x190_6_18_26_DATA
                0x08012e04      0x2fd ./Core/Src/commands-usart.o
 *fill*         0x08013101        0x3 
 .rodata.File_013_ObjNum_012_96x190_6_18_26
                0x08013104        0xc ./Core/Src/commands-usart.o
 .rodata.File_014_ObjNum_013_96x190_6_18_26_DATA
                0x08013110      0x30d ./Core/Src/commands-usart.o
 *fill*         0x0801341d        0x3 
 .rodata.File_014_ObjNum_013_96x190_6_18_26
                0x08013420        0xc ./Core/Src/commands-usart.o
 .rodata.File_015_ObjNum_014_96x190_6_18_26_DATA
                0x0801342c      0x31d ./Core/Src/commands-usart.o
 *fill*         0x08013749        0x3 
 .rodata.File_015_ObjNum_014_96x190_6_18_26
                0x0801374c        0xc ./Core/Src/commands-usart.o
 .rodata.File_016_ObjNum_015_96x190_6_18_26_DATA
                0x08013758      0x32d ./Core/Src/commands-usart.o
 *fill*         0x08013a85        0x3 
 .rodata.File_016_ObjNum_015_96x190_6_18_26
                0x08013a88        0xc ./Core/Src/commands-usart.o
 .rodata.File_017_ObjNum_016_96x190_6_18_26_DATA
                0x08013a94      0x33d ./Core/Src/commands-usart.o
 *fill*         0x08013dd1        0x3 
 .rodata.File_017_ObjNum_016_96x190_6_18_26
                0x08013dd4        0xc ./Core/Src/commands-usart.o
 .rodata.File_018_ObjNum_017_96x190_6_16_26_DATA
                0x08013de0      0x34d ./Core/Src/commands-usart.o
 *fill*         0x0801412d        0x3 
 .rodata.File_018_ObjNum_017_96x190_6_16_26
                0x08014130        0xc ./Core/Src/commands-usart.o
 .rodata.File_019_ObjNum_018_48x208_6_19_26_DATA
                0x0801413c      0x291 ./Core/Src/commands-usart.o
 *fill*         0x080143cd        0x3 
 .rodata.File_019_ObjNum_018_48x208_6_19_26
                0x080143d0        0xc ./Core/Src/commands-usart.o
 .rodata.File_020_ObjNum_019_48x208_6_19_26_DATA
                0x080143dc      0x287 ./Core/Src/commands-usart.o
 *fill*         0x08014663        0x1 
 .rodata.File_020_ObjNum_019_48x208_6_19_26
                0x08014664        0xc ./Core/Src/commands-usart.o
 .rodata.File_021_ObjNum_020_48x208_6_19_26_DATA
                0x08014670      0x263 ./Core/Src/commands-usart.o
 *fill*         0x080148d3        0x1 
 .rodata.File_021_ObjNum_020_48x208_6_19_26
                0x080148d4        0xc ./Core/Src/commands-usart.o
 .rodata.File_022_ObjNum_021_48x208_6_19_26_DATA
                0x080148e0      0x245 ./Core/Src/commands-usart.o
 *fill*         0x08014b25        0x3 
 .rodata.File_022_ObjNum_021_48x208_6_19_26
                0x08014b28        0xc ./Core/Src/commands-usart.o
 .rodata.File_023_ObjNum_022_48x208_6_19_26_DATA
                0x08014b34      0x223 ./Core/Src/commands-usart.o
 *fill*         0x08014d57        0x1 
 .rodata.File_023_ObjNum_022_48x208_6_19_26
                0x08014d58        0xc ./Core/Src/commands-usart.o
 .rodata.File_024_ObjNum_023_48x208_6_19_26_DATA
                0x08014d64      0x205 ./Core/Src/commands-usart.o
 *fill*         0x08014f69        0x3 
 .rodata.File_024_ObjNum_023_48x208_6_19_26
                0x08014f6c        0xc ./Core/Src/commands-usart.o
 .rodata.File_025_ObjNum_024_48x208_6_19_26_DATA
                0x08014f78      0x1e7 ./Core/Src/commands-usart.o
 *fill*         0x0801515f        0x1 
 .rodata.File_025_ObjNum_024_48x208_6_19_26
                0x08015160        0xc ./Core/Src/commands-usart.o
 .rodata.File_026_ObjNum_025_48x208_6_19_26_DATA
                0x0801516c      0x1c3 ./Core/Src/commands-usart.o
 *fill*         0x0801532f        0x1 
 .rodata.File_026_ObjNum_025_48x208_6_19_26
                0x08015330        0xc ./Core/Src/commands-usart.o
 .rodata.File_027_ObjNum_026_48x208_6_19_26_DATA
                0x0801533c      0x1a5 ./Core/Src/commands-usart.o
 *fill*         0x080154e1        0x3 
 .rodata.File_027_ObjNum_026_48x208_6_19_26
                0x080154e4        0xc ./Core/Src/commands-usart.o
 .rodata.File_028_ObjNum_027_48x208_6_19_26_DATA
                0x080154f0      0x187 ./Core/Src/commands-usart.o
 *fill*         0x08015677        0x1 
 .rodata.File_028_ObjNum_027_48x208_6_19_26
                0x08015678        0xc ./Core/Src/commands-usart.o
 .rodata.File_029_ObjNum_028_48x208_6_19_26_DATA
                0x08015684      0x169 ./Core/Src/commands-usart.o
 *fill*         0x080157ed        0x3 
 .rodata.File_029_ObjNum_028_48x208_6_19_26
                0x080157f0        0xc ./Core/Src/commands-usart.o
 .rodata.File_030_ObjNum_029_64x25_6_19_26_DATA
                0x080157fc       0x8b ./Core/Src/commands-usart.o
 *fill*         0x08015887        0x1 
 .rodata.File_030_ObjNum_029_64x25_6_19_26
                0x08015888        0xc ./Core/Src/commands-usart.o
 .rodata.File_031_ObjNum_030_64x25_6_19_26_DATA
                0x08015894      0x105 ./Core/Src/commands-usart.o
 *fill*         0x08015999        0x3 
 .rodata.File_031_ObjNum_030_64x25_6_19_26
                0x0801599c        0xc ./Core/Src/commands-usart.o
 .rodata.File_032_ObjNum_031_96x190_6_19_26_DATA
                0x080159a8      0x165 ./Core/Src/commands-usart.o
 *fill*         0x08015b0d        0x3 
 .rodata.File_032_ObjNum_031_96x190_6_19_26
                0x08015b10        0xc ./Core/Src/commands-usart.o
 .rodata.File_033_ObjNum_032_96x190_6_19_26_DATA
                0x08015b1c      0x15b ./Core/Src/commands-usart.o
 *fill*         0x08015c77        0x1 
 .rodata.File_033_ObjNum_032_96x190_6_19_26
                0x08015c78        0xc ./Core/Src/commands-usart.o
 .rodata.File_034_ObjNum_033_96x190_6_19_26_DATA
                0x08015c84      0x151 ./Core/Src/commands-usart.o
 *fill*         0x08015dd5        0x3 
 .rodata.File_034_ObjNum_033_96x190_6_19_26
                0x08015dd8        0xc ./Core/Src/commands-usart.o
 .rodata.File_035_ObjNum_034_96x190_6_19_26_DATA
                0x08015de4      0x147 ./Core/Src/commands-usart.o
 *fill*         0x08015f2b        0x1 
 .rodata.File_035_ObjNum_034_96x190_6_19_26
                0x08015f2c        0xc ./Core/Src/commands-usart.o
 .rodata.File_036_ObjNum_035_96x190_6_19_26_DATA
                0x08015f38      0x13d ./Core/Src/commands-usart.o
 *fill*         0x08016075        0x3 
 .rodata.File_036_ObjNum_035_96x190_6_19_26
                0x08016078        0xc ./Core/Src/commands-usart.o
 .rodata.File_037_ObjNum_036_96x190_6_19_26_DATA
                0x08016084      0x133 ./Core/Src/commands-usart.o
 *fill*         0x080161b7        0x1 
 .rodata.File_037_ObjNum_036_96x190_6_19_26
                0x080161b8        0xc ./Core/Src/commands-usart.o
 .rodata.File_038_ObjNum_037_96x190_6_19_26_DATA
                0x080161c4      0x129 ./Core/Src/commands-usart.o
 *fill*         0x080162ed        0x3 
 .rodata.File_038_ObjNum_037_96x190_6_19_26
                0x080162f0        0xc ./Core/Src/commands-usart.o
 .rodata.File_039_ObjNum_038_96x190_6_19_26_DATA
                0x080162fc      0x11f ./Core/Src/commands-usart.o
 *fill*         0x0801641b        0x1 
 .rodata.File_039_ObjNum_038_96x190_6_19_26
                0x0801641c        0xc ./Core/Src/commands-usart.o
 .rodata.File_040_ObjNum_039_96x190_6_19_26_DATA
                0x08016428      0x115 ./Core/Src/commands-usart.o
 *fill*         0x0801653d        0x3 
 .rodata.File_040_ObjNum_039_96x190_6_19_26
                0x08016540        0xc ./Core/Src/commands-usart.o
 .rodata.File_041_ObjNum_040_96x190_6_19_26_DATA
                0x0801654c      0x10b ./Core/Src/commands-usart.o
 *fill*         0x08016657        0x1 
 .rodata.File_041_ObjNum_040_96x190_6_19_26
                0x08016658        0xc ./Core/Src/commands-usart.o
 .rodata.File_042_ObjNum_041_96x190_6_19_26_DATA
                0x08016664      0x101 ./Core/Src/commands-usart.o
 *fill*         0x08016765        0x3 
 .rodata.File_042_ObjNum_041_96x190_6_19_26
                0x08016768        0xc ./Core/Src/commands-usart.o
 .rodata.File_043_ObjNum_042_144x208_6_19_26_DATA
                0x08016774      0x27d ./Core/Src/commands-usart.o
 *fill*         0x080169f1        0x3 
 .rodata.File_043_ObjNum_042_144x208_6_19_26
                0x080169f4        0xc ./Core/Src/commands-usart.o
 .rodata.File_044_ObjNum_043_144x208_6_19_26_DATA
                0x08016a00      0x2a5 ./Core/Src/commands-usart.o
 *fill*         0x08016ca5        0x3 
 .rodata.File_044_ObjNum_043_144x208_6_19_26
                0x08016ca8        0xc ./Core/Src/commands-usart.o
 .rodata.File_045_ObjNum_044_144x208_6_19_26_DATA
                0x08016cb4      0x293 ./Core/Src/commands-usart.o
 *fill*         0x08016f47        0x1 
 .rodata.File_045_ObjNum_044_144x208_6_19_26
                0x08016f48        0xc ./Core/Src/commands-usart.o
 .rodata.File_046_ObjNum_045_144x208_6_19_26_DATA
                0x08016f54      0x2a3 ./Core/Src/commands-usart.o
 *fill*         0x080171f7        0x1 
 .rodata.File_046_ObjNum_045_144x208_6_19_26
                0x080171f8        0xc ./Core/Src/commands-usart.o
 .rodata.File_047_ObjNum_046_144x208_6_19_26_DATA
                0x08017204      0x27b ./Core/Src/commands-usart.o
 *fill*         0x0801747f        0x1 
 .rodata.File_047_ObjNum_046_144x208_6_19_26
                0x08017480        0xc ./Core/Src/commands-usart.o
 .rodata.File_048_ObjNum_052_144x183_6_19_26_DATA
                0x0801748c      0x363 ./Core/Src/commands-usart.o
 *fill*         0x080177ef        0x1 
 .rodata.File_048_ObjNum_052_144x183_6_19_26
                0x080177f0        0xc ./Core/Src/commands-usart.o
 .rodata.File_049_ObjNum_053_144x183_6_19_26_DATA
                0x080177fc      0x301 ./Core/Src/commands-usart.o
 *fill*         0x08017afd        0x3 
 .rodata.File_049_ObjNum_053_144x183_6_19_26
                0x08017b00        0xc ./Core/Src/commands-usart.o
 .rodata.File_050_ObjNum_054_144x183_6_19_26_DATA
                0x08017b0c      0x40f ./Core/Src/commands-usart.o
 *fill*         0x08017f1b        0x1 
 .rodata.File_050_ObjNum_054_144x183_6_19_26
                0x08017f1c        0xc ./Core/Src/commands-usart.o
 .rodata.File_051_ObjNum_055_144x183_6_19_26_DATA
                0x08017f28      0x255 ./Core/Src/commands-usart.o
 *fill*         0x0801817d        0x3 
 .rodata.File_051_ObjNum_055_144x183_6_19_26
                0x08018180        0xc ./Core/Src/commands-usart.o
 .rodata.File_052_ObjNum_057_144x30_6_19_26_DATA
                0x0801818c       0x51 ./Core/Src/commands-usart.o
 *fill*         0x080181dd        0x3 
 .rodata.File_052_ObjNum_057_144x30_6_19_26
                0x080181e0        0xc ./Core/Src/commands-usart.o
 .rodata.File_053_ObjNum_077_48x30_6_19_26_DATA
                0x080181ec       0x39 ./Core/Src/commands-usart.o
 *fill*         0x08018225        0x3 
 .rodata.File_053_ObjNum_077_48x30_6_19_26
                0x08018228        0xc ./Core/Src/commands-usart.o
 .rodata.File_054_ObjNum_087_48x255_6_19_26_DATA
                0x08018234       0x5f ./Core/Src/commands-usart.o
 *fill*         0x08018293        0x1 
 .rodata.File_054_ObjNum_087_48x255_6_19_26
                0x08018294        0xc ./Core/Src/commands-usart.o
 .rodata.File_055_ObjNum_090_480x320_6_18_26_DATA
                0x080182a0      0xaf7 ./Core/Src/commands-usart.o
 *fill*         0x08018d97        0x1 
 .rodata.File_055_ObjNum_090_480x320_6_18_26
                0x08018d98        0xc ./Core/Src/commands-usart.o
 .rodata.File_056_ObjNum_091_480x320_6_18_26_DATA
                0x08018da4      0xb65 ./Core/Src/commands-usart.o
 *fill*         0x08019909        0x3 
 .rodata.File_056_ObjNum_091_480x320_6_18_26
                0x0801990c        0xc ./Core/Src/commands-usart.o
 .rodata.File_057_ObjNum_092_480x320_6_18_26_DATA
                0x08019918      0xb1b ./Core/Src/commands-usart.o
 *fill*         0x0801a433        0x1 
 .rodata.File_057_ObjNum_092_480x320_6_18_26
                0x0801a434        0xc ./Core/Src/commands-usart.o
 .rodata.File_058_ObjNum_093_480x320_6_18_26_DATA
                0x0801a440      0xa79 ./Core/Src/commands-usart.o
 *fill*         0x0801aeb9        0x3 
 .rodata.File_058_ObjNum_093_480x320_6_18_26
                0x0801aebc        0xc ./Core/Src/commands-usart.o
 .rodata.File_059_ObjNum_094_480x320_6_18_26_DATA
                0x0801aec8      0xab9 ./Core/Src/commands-usart.o
 *fill*         0x0801b981        0x3 
 .rodata.File_059_ObjNum_094_480x320_6_18_26
                0x0801b984        0xc ./Core/Src/commands-usart.o
 .rodata.File_062_ObjNum_097_480x40_6_19_26_DATA
                0x0801b990       0x97 ./Core/Src/commands-usart.o
 *fill*         0x0801ba27        0x1 
 .rodata.File_062_ObjNum_097_480x40_6_19_26
                0x0801ba28        0xc ./Core/Src/commands-usart.o
 .rodata.File_063_ObjNum_098_176x33_6_19_26_DATA
                0x0801ba34       0x37 ./Core/Src/commands-usart.o
 *fill*         0x0801ba6b        0x1 
 .rodata.File_063_ObjNum_098_176x33_6_19_26
                0x0801ba6c        0xc ./Core/Src/commands-usart.o
 .rodata.File_064_ObjNum_099_48x63_6_19_26_DATA
                0x0801ba78       0x18 ./Core/Src/commands-usart.o
 .rodata.File_064_ObjNum_099_48x63_6_19_26
                0x0801ba90        0xc ./Core/Src/commands-usart.o
 .rodata.File_065_ObjNum_104_16x30_6_19_26_DATA
                0x0801ba9c       0x2a ./Core/Src/commands-usart.o
 *fill*         0x0801bac6        0x2 
 .rodata.File_065_ObjNum_104_16x30_6_19_26
                0x0801bac8        0xc ./Core/Src/commands-usart.o
 .rodata.File_066_ObjNum_109_96x80_6_19_26_DATA
                0x0801bad4      0x11d ./Core/Src/commands-usart.o
 *fill*         0x0801bbf1        0x3 
 .rodata.File_066_ObjNum_109_96x80_6_19_26
                0x0801bbf4        0xc ./Core/Src/commands-usart.o
 .rodata.File_067_ObjNum_114_64x103_6_19_26_DATA
                0x0801bc00      0x1e1 ./Core/Src/commands-usart.o
 *fill*         0x0801bde1        0x3 
 .rodata.File_067_ObjNum_114_64x103_6_19_26
                0x0801bde4        0xc ./Core/Src/commands-usart.o
 .rodata.File_068_ObjNum_119_64x103_6_19_26_DATA
                0x0801bdf0       0xdf ./Core/Src/commands-usart.o
 *fill*         0x0801becf        0x1 
 .rodata.File_068_ObjNum_119_64x103_6_19_26
                0x0801bed0        0xc ./Core/Src/commands-usart.o
 .rodata.File_069_ObjNum_124_64x103_6_19_26_DATA
                0x0801bedc      0x1e1 ./Core/Src/commands-usart.o
 *fill*         0x0801c0bd        0x3 
 .rodata.File_069_ObjNum_124_64x103_6_19_26
                0x0801c0c0        0xc ./Core/Src/commands-usart.o
 .rodata.File_070_ObjNum_129_96x80_6_19_26_DATA
                0x0801c0cc      0x11d ./Core/Src/commands-usart.o
 *fill*         0x0801c1e9        0x3 
 .rodata.File_070_ObjNum_129_96x80_6_19_26
                0x0801c1ec        0xc ./Core/Src/commands-usart.o
 .rodata.File_071_ObjNum_134_176x188_6_19_26_DATA
                0x0801c1f8      0x103 ./Core/Src/commands-usart.o
 *fill*         0x0801c2fb        0x1 
 .rodata.File_071_ObjNum_134_176x188_6_19_26
                0x0801c2fc        0xc ./Core/Src/commands-usart.o
 .rodata.File_072_ObjNum_135_480x320_6_18_26_DATA
                0x0801c308     0x3201 ./Core/Src/commands-usart.o
 *fill*         0x0801f509        0x3 
 .rodata.File_072_ObjNum_135_480x320_6_18_26
                0x0801f50c        0xc ./Core/Src/commands-usart.o
 .rodata.File_073_ObjNum_136_480x320_6_18_26_DATA
                0x0801f518     0x3200 ./Core/Src/commands-usart.o
 .rodata.File_073_ObjNum_136_480x320_6_18_26
                0x08022718        0xc ./Core/Src/commands-usart.o
 .rodata.File_074_ObjNum_138_48x143_6_19_26_DATA
                0x08022724       0x35 ./Core/Src/commands-usart.o
 *fill*         0x08022759        0x3 
 .rodata.File_074_ObjNum_138_48x143_6_19_26
                0x0802275c        0xc ./Core/Src/commands-usart.o
 .rodata.File_075_ObjNum_140_368x40_6_19_26_DATA
                0x08022768      0x1c5 ./Core/Src/commands-usart.o
 *fill*         0x0802292d        0x3 
 .rodata.File_075_ObjNum_140_368x40_6_19_26
                0x08022930        0xc ./Core/Src/commands-usart.o
 .rodata.File_076_ObjNum_143_368x40_6_19_26_DATA
                0x0802293c      0x1c7 ./Core/Src/commands-usart.o
 *fill*         0x08022b03        0x1 
 .rodata.File_076_ObjNum_143_368x40_6_19_26
                0x08022b04        0xc ./Core/Src/commands-usart.o
 .rodata.File_077_ObjNum_147_480x320_6_18_26_DATA
                0x08022b10      0x593 ./Core/Src/commands-usart.o
 *fill*         0x080230a3        0x1 
 .rodata.File_077_ObjNum_147_480x320_6_18_26
                0x080230a4        0xc ./Core/Src/commands-usart.o
 .rodata.File_078_ObjNum_148_480x320_6_18_26_DATA
                0x080230b0      0x575 ./Core/Src/commands-usart.o
 *fill*         0x08023625        0x3 
 .rodata.File_078_ObjNum_148_480x320_6_18_26
                0x08023628        0xc ./Core/Src/commands-usart.o
 .rodata.File_079_ObjNum_149_480x320_6_17_26_DATA
                0x08023634      0x7b3 ./Core/Src/commands-usart.o
 *fill*         0x08023de7        0x1 
 .rodata.File_079_ObjNum_149_480x320_6_17_26
                0x08023de8        0xc ./Core/Src/commands-usart.o
 .rodata.errorMsg
                0x08023df4       0x16 ./Core/Src/commands-usart.o
                0x08023df4                errorMsg
 *fill*         0x08023e0a        0x2 
 .rodata.commands
                0x08023e0c       0x24 ./Core/Src/commands-usart.o
 .rodata.table  0x08023e30      0x400 ./Core/Src/display-ili9488.o
                0x08023e30                table
 .rodata.File_005_ObjNum_004_480x320_6_18_26_DATA
                0x08024230      0x4b5 ./Core/Src/main.o
 *fill*         0x080246e5        0x3 
 .rodata.File_005_ObjNum_004_480x320_6_18_26
                0x080246e8        0xc ./Core/Src/main.o
 .rodata.SYSFAIL_480x320_DATA
                0x080246f4     0x148d ./Core/Src/main.o
 *fill*         0x08025b81        0x3 
 .rodata.SYSFAIL_480x320
                0x08025b84        0xc ./Core/Src/main.o
 .rodata.AHBPrescTable
                0x08025b90       0x10 ./Core/Src/system_stm32f0xx.o
                0x08025b90                AHBPrescTable
 .rodata.APBPrescTable
                0x08025ba0        0x8 ./Core/Src/system_stm32f0xx.o
                0x08025ba0                APBPrescTable
 .rodata.aPLLMULFactorTable.1
                0x08025ba8       0x10 ./Drivers/STM32F0xx_HAL_Driver/Src/stm32f0xx_hal_rcc.o
 .rodata.aPredivFactorTable.0
                0x08025bb8       0x10 ./Drivers/STM32F0xx_HAL_Driver/Src/stm32f0xx_hal_rcc.o
 .rodata._svfprintf_r.str1.1
                0x08025bc8       0x33 /opt/stm32cubeide/plugins/com.st.stm32cube.ide.mcu.externaltools.gnu-tools-for-stm32.14.3.rel1.linux64_1.0.100.202602081740/tools/bin/../lib/gcc/arm-none-eabi/14.3.1/../../../../arm-none-eabi/lib/thumb/v6-m/nofp/libc_nano.a(libc_a-nano-svfprintf.o)
                                 0x11 (size before relaxing)
 .rodata._printf_i.str1.1
                0x08025bfb       0x22 /opt/stm32cubeide/plugins/com.st.stm32cube.ide.mcu.externaltools.gnu-tools-for-stm32.14.3.rel1.linux64_1.0.100.202602081740/tools/bin/../lib/gcc/arm-none-eabi/14.3.1/../../../../arm-none-eabi/lib/thumb/v6-m/nofp/libc_nano.a(libc_a-nano-vfprintf_i.o)
                0x08025c20                        . = ALIGN (0x4)
 *fill*         0x08025bfb        0x1 

.ARM.extab      0x08025bfc        0x0
                0x08025bfc                        . = ALIGN (0x4)
 *(.ARM.extab* .gnu.linkonce.armextab.*)
                0x08025bfc                        . = ALIGN (0x4)

.ARM            0x08025bfc        0x0
                0x08025bfc                        . = ALIGN (0x4)
                0x08025bfc                        __exidx_start = .
 *(.ARM.exidx*)
                0x08025bfc                        __exidx_end = .
                0x08025bfc                        . = ALIGN (0x4)

.preinit_array  0x08025bfc        0x0
                0x08025bfc                        . = ALIGN (0x4)
                0x08025bfc                        PROVIDE (__preinit_array_start = .)
 *(.preinit_array*)
                0x08025bfc                        PROVIDE (__preinit_array_end = .)
                0x08025bfc                        . = ALIGN (0x4)

.init_array     0x08025bfc        0x4
                0x08025bfc                        . = ALIGN (0x4)
                0x08025bfc                        PROVIDE (__init_array_start = .)
 *(SORT_BY_NAME(.init_array.*))
 *(.init_array*)
 .init_array    0x08025bfc        0x4 /opt/stm32cubeide/plugins/com.st.stm32cube.ide.mcu.externaltools.gnu-tools-for-stm32.14.3.rel1.linux64_1.0.100.202602081740/tools/bin/../lib/gcc/arm-none-eabi/14.3.1/thumb/v6-m/nofp/crtbegin.o
                0x08025c00                        PROVIDE (__init_array_end = .)
                0x08025c00                        . = ALIGN (0x4)

.fini_array     0x08025c00        0x4
                0x08025c00                        . = ALIGN (0x4)
                [!provide]                        PROVIDE (__fini_array_start = .)
 *(SORT_BY_NAME(.fini_array.*))
 *(.fini_array*)
 .fini_array    0x08025c00        0x4 /opt/stm32cubeide/plugins/com.st.stm32cube.ide.mcu.externaltools.gnu-tools-for-stm32.14.3.rel1.linux64_1.0.100.202602081740/tools/bin/../lib/gcc/arm-none-eabi/14.3.1/thumb/v6-m/nofp/crtbegin.o
                [!provide]                        PROVIDE (__fini_array_end = .)
                0x08025c04                        . = ALIGN (0x4)
                0x08025c04                        _sidata = LOADADDR (.data)

.rel.dyn        0x08025c04        0x0
 .rel.iplt      0x08025c04        0x0 /opt/stm32cubeide/plugins/com.st.stm32cube.ide.mcu.externaltools.gnu-tools-for-stm32.14.3.rel1.linux64_1.0.100.202602081740/tools/bin/../lib/gcc/arm-none-eabi/14.3.1/thumb/v6-m/nofp/crtbegin.o

.data           0x20000000      0x224 load address 0x08025c04
                0x20000000                        . = ALIGN (0x4)
                0x20000000                        _sdata = .
 *(.data)
 *(.data*)
 .data.lastMsgTick
                0x20000000        0x4 ./Core/Src/commands-can.o
 .data.images   0x20000004      0x128 ./Core/Src/commands-usart.o
 .data.imageNum
                0x2000012c        0x1 ./Core/Src/commands-usart.o
 *fill*         0x2000012d        0x3 
 .data.msg.1    0x20000130       0x1f ./Core/Src/commands-usart.o
 *fill*         0x2000014f        0x1 
 .data.msg.0    0x20000150       0x1d ./Core/Src/commands-usart.o
 *fill*         0x2000016d        0x3 
 .data.msg.3    0x20000170       0x21 ./Core/Src/commands-usart.o
 *fill*         0x20000191        0x3 
 .data.msg.2    0x20000194       0x1f ./Core/Src/commands-usart.o
 *fill*         0x200001b3        0x1 
 .data.msg.4    0x200001b4       0x11 ./Core/Src/commands-usart.o
 *fill*         0x200001c5        0x3 
 .data.SystemCoreClock
                0x200001c8        0x4 ./Core/Src/system_stm32f0xx.o
                0x200001c8                SystemCoreClock
 .data.uwTickPrio
                0x200001cc        0x4 ./Drivers/STM32F0xx_HAL_Driver/Src/stm32f0xx_hal.o
                0x200001cc                uwTickPrio
 .data.uwTickFreq
                0x200001d0        0x1 ./Drivers/STM32F0xx_HAL_Driver/Src/stm32f0xx_hal.o
                0x200001d0                uwTickFreq
 *fill*         0x200001d1        0x3 
 .data._impure_ptr
                0x200001d4        0x4 /opt/stm32cubeide/plugins/com.st.stm32cube.ide.mcu.externaltools.gnu-tools-for-stm32.14.3.rel1.linux64_1.0.100.202602081740/tools/bin/../lib/gcc/arm-none-eabi/14.3.1/../../../../arm-none-eabi/lib/thumb/v6-m/nofp/libc_nano.a(libc_a-impure.o)
                0x200001d4                _impure_ptr
 .data._impure_data
                0x200001d8       0x4c /opt/stm32cubeide/plugins/com.st.stm32cube.ide.mcu.externaltools.gnu-tools-for-stm32.14.3.rel1.linux64_1.0.100.202602081740/tools/bin/../lib/gcc/arm-none-eabi/14.3.1/../../../../arm-none-eabi/lib/thumb/v6-m/nofp/libc_nano.a(libc_a-impure.o)
                0x200001d8                _impure_data
 *(.RamFunc)
 *(.RamFunc*)
                0x20000224                        . = ALIGN (0x4)
                0x20000224                        _edata = .

.igot.plt       0x20000224        0x0 load address 0x08025e28
 .igot.plt      0x20000224        0x0 /opt/stm32cubeide/plugins/com.st.stm32cube.ide.mcu.externaltools.gnu-tools-for-stm32.14.3.rel1.linux64_1.0.100.202602081740/tools/bin/../lib/gcc/arm-none-eabi/14.3.1/thumb/v6-m/nofp/crtbegin.o
                0x20000224                        . = ALIGN (0x4)

.bss            0x20000228     0x6860 load address 0x08025e28
                0x20000228                        _sbss = .
                0x20000228                        __bss_start__ = _sbss
 *(.bss)
 .bss           0x20000228       0x1c /opt/stm32cubeide/plugins/com.st.stm32cube.ide.mcu.externaltools.gnu-tools-for-stm32.14.3.rel1.linux64_1.0.100.202602081740/tools/bin/../lib/gcc/arm-none-eabi/14.3.1/thumb/v6-m/nofp/crtbegin.o
 *(.bss*)
 .bss.queuedMessages
                0x20000244        0x1 ./Core/Src/commands-can.o
 *fill*         0x20000245        0x3 
 .bss.queue     0x20000248      0x6c0 ./Core/Src/commands-can.o
 .bss.brightnessTick
                0x20000908        0x4 ./Core/Src/commands-can.o
 .bss.brightnessVal
                0x2000090c        0x1 ./Core/Src/commands-can.o
 *fill*         0x2000090d        0x3 
 .bss.diagnosticMsg
                0x20000910       0x40 ./Core/Src/commands-can.o
 .bss.can       0x20000950        0x4 ./Core/Src/commands-can.o
 .bss.spi       0x20000954        0x4 ./Core/Src/commands-can.o
 .bss.uart      0x20000958        0x4 ./Core/Src/commands-can.o
 .bss.alarmTimer
                0x2000095c        0x4 ./Core/Src/commands-can.o
 .bss.backlightTimer
                0x20000960        0x4 ./Core/Src/commands-can.o
 .bss.remainingChars.3
                0x20000964        0x1 ./Core/Src/commands-can.o
 .bss.target.2  0x20000965        0x1 ./Core/Src/commands-can.o
 .bss.objNum.1  0x20000966        0x2 ./Core/Src/commands-can.o
 .bss.charArray.0
                0x20000968      0x100 ./Core/Src/commands-can.o
 .bss.spi       0x20000a68        0x4 ./Core/Src/commands-usart.o
 .bss.isOr      0x20000a6c        0x1 ./Core/Src/commands-usart.o
 *fill*         0x20000a6d        0x3 
 .bss.commandBuffer
                0x20000a70       0xff ./Core/Src/commands-usart.o
                0x20000a70                commandBuffer
 *fill*         0x20000b6f        0x1 
 .bss.state     0x20000b70     0x5b18 ./Core/Src/display-ili9488.o
 .bss.hcan      0x20006688       0x28 ./Core/Src/main.o
                0x20006688                hcan
 .bss.hspi1     0x200066b0       0x64 ./Core/Src/main.o
                0x200066b0                hspi1
 .bss.hdma_spi1_tx
                0x20006714       0x44 ./Core/Src/main.o
                0x20006714                hdma_spi1_tx
 .bss.htim2     0x20006758       0x48 ./Core/Src/main.o
                0x20006758                htim2
 .bss.htim14    0x200067a0       0x48 ./Core/Src/main.o
                0x200067a0                htim14
 .bss.htim17    0x200067e8       0x48 ./Core/Src/main.o
                0x200067e8                htim17
 .bss.huart2    0x20006830       0x88 ./Core/Src/main.o
                0x20006830                huart2
 .bss.hdma_usart2_rx
                0x200068b8       0x44 ./Core/Src/main.o
                0x200068b8                hdma_usart2_rx
 .bss.switchState
                0x200068fc       0x14 ./Core/Src/switches.o
 .bss.currentIdx
                0x20006910        0x1 ./Core/Src/switches.o
 .bss.flag      0x20006911        0x1 ./Core/Src/switches.o
 *fill*         0x20006912        0x2 
 .bss.__sbrk_heap_end
                0x20006914        0x4 ./Core/Src/sysmem.o
 .bss.uwTick    0x20006918        0x4 ./Drivers/STM32F0xx_HAL_Driver/Src/stm32f0xx_hal.o
                0x20006918                uwTick
 *fill*         0x2000691c        0x4 
 .bss.pFlash    0x20006920       0x20 ./Drivers/STM32F0xx_HAL_Driver/Src/stm32f0xx_hal_flash.o
                0x20006920                pFlash
 .bss.__sf      0x20006940      0x138 /opt/stm32cubeide/plugins/com.st.stm32cube.ide.mcu.externaltools.gnu-tools-for-stm32.14.3.rel1.linux64_1.0.100.202602081740/tools/bin/../lib/gcc/arm-none-eabi/14.3.1/../../../../arm-none-eabi/lib/thumb/v6-m/nofp/libc_nano.a(libc_a-findfp.o)
                0x20006940                __sf
 .bss.errno     0x20006a78        0x4 /opt/stm32cubeide/plugins/com.st.stm32cube.ide.mcu.externaltools.gnu-tools-for-stm32.14.3.rel1.linux64_1.0.100.202602081740/tools/bin/../lib/gcc/arm-none-eabi/14.3.1/../../../../arm-none-eabi/lib/thumb/v6-m/nofp/libc_nano.a(libc_a-reent.o)
                0x20006a78                errno
 .bss.__lock___malloc_recursive_mutex
                0x20006a7c        0x1 /opt/stm32cubeide/plugins/com.st.stm32cube.ide.mcu.externaltools.gnu-tools-for-stm32.14.3.rel1.linux64_1.0.100.202602081740/tools/bin/../lib/gcc/arm-none-eabi/14.3.1/../../../../arm-none-eabi/lib/thumb/v6-m/nofp/libc_nano.a(libc_a-lock.o)
                0x20006a7c                __lock___malloc_recursive_mutex
 *fill*         0x20006a7d        0x3 
 .bss.__malloc_sbrk_start
                0x20006a80        0x4 /opt/stm32cubeide/plugins/com.st.stm32cube.ide.mcu.externaltools.gnu-tools-for-stm32.14.3.rel1.linux64_1.0.100.202602081740/tools/bin/../lib/gcc/arm-none-eabi/14.3.1/../../../../arm-none-eabi/lib/thumb/v6-m/nofp/libc_nano.a(libc_a-mallocr.o)
                0x20006a80                __malloc_sbrk_start
 .bss.__malloc_free_list
                0x20006a84        0x4 /opt/stm32cubeide/plugins/com.st.stm32cube.ide.mcu.externaltools.gnu-tools-for-stm32.14.3.rel1.linux64_1.0.100.202602081740/tools/bin/../lib/gcc/arm-none-eabi/14.3.1/../../../../arm-none-eabi/lib/thumb/v6-m/nofp/libc_nano.a(libc_a-mallocr.o)
                0x20006a84                __malloc_free_list
 *(COMMON)
                0x20006a88                        . = ALIGN (0x4)
                0x20006a88                        _ebss = .
                0x20006a88                        __bss_end__ = _ebss

._user_heap_stack
                0x20006a88      0x600 load address 0x08025e28
                0x20006a88                        . = ALIGN (0x8)
                [!provide]                        PROVIDE (end = .)
                0x20006a88                        PROVIDE (_end = .)
                0x20006c88                        . = (. + _Min_Heap_Size)
 *fill*         0x20006a88      0x200 
                0x20007088                        . = (. + _Min_Stack_Size)
 *fill*         0x20006c88      0x400 
                0x20007088                        . = ALIGN (0x8)

/DISCARD/
 libc.a(*)
 libm.a(*)
 libgcc.a(*)

.ARM.attributes
                0x00000000       0x28
 *(.ARM.attributes)
 .ARM.attributes
                0x00000000       0x1e /opt/stm32cubeide/plugins/com.st.stm32cube.ide.mcu.externaltools.gnu-tools-for-stm32.14.3.rel1.linux64_1.0.100.202602081740/tools/bin/../lib/gcc/arm-none-eabi/14.3.1/thumb/v6-m/nofp/crti.o
 .ARM.attributes
                0x0000001e       0x2c /opt/stm32cubeide/plugins/com.st.stm32cube.ide.mcu.externaltools.gnu-tools-for-stm32.14.3.rel1.linux64_1.0.100.202602081740/tools/bin/../lib/gcc/arm-none-eabi/14.3.1/thumb/v6-m/nofp/crtbegin.o
 .ARM.attributes
                0x0000004a       0x2c ./Core/Src/alarm.o
 .ARM.attributes
                0x00000076       0x2c ./Core/Src/commands-can.o
 .ARM.attributes
                0x000000a2       0x2c ./Core/Src/commands-usart.o
 .ARM.attributes
                0x000000ce       0x2c ./Core/Src/display-ili9488.o
 .ARM.attributes
                0x000000fa       0x2c ./Core/Src/main.o
 .ARM.attributes
                0x00000126       0x2c ./Core/Src/stm32f0xx_hal_msp.o
 .ARM.attributes
                0x00000152       0x2c ./Core/Src/stm32f0xx_it.o
 .ARM.attributes
                0x0000017e       0x2c ./Core/Src/switches.o
 .ARM.attributes
                0x000001aa       0x2c ./Core/Src/sysmem.o
 .ARM.attributes
                0x000001d6       0x2c ./Core/Src/system_stm32f0xx.o
 .ARM.attributes
                0x00000202       0x21 ./Core/Startup/startup_stm32f091rctx.o
 .ARM.attributes
                0x00000223       0x2c ./Drivers/STM32F0xx_HAL_Driver/Src/stm32f0xx_hal.o
 .ARM.attributes
                0x0000024f       0x2c ./Drivers/STM32F0xx_HAL_Driver/Src/stm32f0xx_hal_can.o
 .ARM.attributes
                0x0000027b       0x2c ./Drivers/STM32F0xx_HAL_Driver/Src/stm32f0xx_hal_cortex.o
 .ARM.attributes
                0x000002a7       0x2c ./Drivers/STM32F0xx_HAL_Driver/Src/stm32f0xx_hal_dma.o
 .ARM.attributes
                0x000002d3       0x2c ./Drivers/STM32F0xx_HAL_Driver/Src/stm32f0xx_hal_flash.o
 .ARM.attributes
                0x000002ff       0x2c ./Drivers/STM32F0xx_HAL_Driver/Src/stm32f0xx_hal_flash_ex.o
 .ARM.attributes
                0x0000032b       0x2c ./Drivers/STM32F0xx_HAL_Driver/Src/stm32f0xx_hal_gpio.o
 .ARM.attributes
                0x00000357       0x2c ./Drivers/STM32F0xx_HAL_Driver/Src/stm32f0xx_hal_rcc.o
 .ARM.attributes
                0x00000383       0x2c ./Drivers/STM32F0xx_HAL_Driver/Src/stm32f0xx_hal_rcc_ex.o
 .ARM.attributes
                0x000003af       0x2c ./Drivers/STM32F0xx_HAL_Driver/Src/stm32f0xx_hal_spi.o
 .ARM.attributes
                0x000003db       0x2c ./Drivers/STM32F0xx_HAL_Driver/Src/stm32f0xx_hal_tim.o
 .ARM.attributes
                0x00000407       0x2c ./Drivers/STM32F0xx_HAL_Driver/Src/stm32f0xx_hal_tim_ex.o
 .ARM.attributes
                0x00000433       0x2c ./Drivers/STM32F0xx_HAL_Driver/Src/stm32f0xx_hal_uart.o
 .ARM.attributes
                0x0000045f       0x2c ./Drivers/STM32F0xx_HAL_Driver/Src/stm32f0xx_hal_uart_ex.o
 .ARM.attributes
                0x0000048b       0x2c /opt/stm32cubeide/plugins/com.st.stm32cube.ide.mcu.externaltools.gnu-tools-for-stm32.14.3.rel1.linux64_1.0.100.202602081740/tools/bin/../lib/gcc/arm-none-eabi/14.3.1/../../../../arm-none-eabi/lib/thumb/v6-m/nofp/libc_nano.a(libc_a-findfp.o)
 .ARM.attributes
                0x000004b7       0x2c /opt/stm32cubeide/plugins/com.st.stm32cube.ide.mcu.externaltools.gnu-tools-for-stm32.14.3.rel1.linux64_1.0.100.202602081740/tools/bin/../lib/gcc/arm-none-eabi/14.3.1/../../../../arm-none-eabi/lib/thumb/v6-m/nofp/libc_nano.a(libc_a-snprintf.o)
 .ARM.attributes
                0x000004e3       0x2c /opt/stm32cubeide/plugins/com.st.stm32cube.ide.mcu.externaltools.gnu-tools-for-stm32.14.3.rel1.linux64_1.0.100.202602081740/tools/bin/../lib/gcc/arm-none-eabi/14.3.1/../../../../arm-none-eabi/lib/thumb/v6-m/nofp/libc_nano.a(libc_a-memset.o)
 .ARM.attributes
                0x0000050f       0x2c /opt/stm32cubeide/plugins/com.st.stm32cube.ide.mcu.externaltools.gnu-tools-for-stm32.14.3.rel1.linux64_1.0.100.202602081740/tools/bin/../lib/gcc/arm-none-eabi/14.3.1/../../../../arm-none-eabi/lib/thumb/v6-m/nofp/libc_nano.a(libc_a-reent.o)
 .ARM.attributes
                0x0000053b       0x2c /opt/stm32cubeide/plugins/com.st.stm32cube.ide.mcu.externaltools.gnu-tools-for-stm32.14.3.rel1.linux64_1.0.100.202602081740/tools/bin/../lib/gcc/arm-none-eabi/14.3.1/../../../../arm-none-eabi/lib/thumb/v6-m/nofp/libc_nano.a(libc_a-impure.o)
 .ARM.attributes
                0x00000567       0x2c /opt/stm32cubeide/plugins/com.st.stm32cube.ide.mcu.externaltools.gnu-tools-for-stm32.14.3.rel1.linux64_1.0.100.202602081740/tools/bin/../lib/gcc/arm-none-eabi/14.3.1/../../../../arm-none-eabi/lib/thumb/v6-m/nofp/libc_nano.a(libc_a-errno.o)
 .ARM.attributes
                0x00000593       0x2c /opt/stm32cubeide/plugins/com.st.stm32cube.ide.mcu.externaltools.gnu-tools-for-stm32.14.3.rel1.linux64_1.0.100.202602081740/tools/bin/../lib/gcc/arm-none-eabi/14.3.1/../../../../arm-none-eabi/lib/thumb/v6-m/nofp/libc_nano.a(libc_a-init.o)
 .ARM.attributes
                0x000005bf       0x2c /opt/stm32cubeide/plugins/com.st.stm32cube.ide.mcu.externaltools.gnu-tools-for-stm32.14.3.rel1.linux64_1.0.100.202602081740/tools/bin/../lib/gcc/arm-none-eabi/14.3.1/../../../../arm-none-eabi/lib/thumb/v6-m/nofp/libc_nano.a(libc_a-lock.o)
 .ARM.attributes