../Core/Src/commands.c:171:6:commandsInit	16	static
../Core/Src/commands.c:176:19:helpCMD	24	static
../Core/Src/commands.c:183:19:displayImageCMD	40	static
../Core/Src/commands.c:195:19:refreshCMD	32	static
../Core/Src/commands.c:206:19:orCMD	24	static
../Core/Src/commands.c:228:6:stringsEqual	24	static
../Core/Src/commands.c:238:10:getCommandBuffer	8	static
../Core/Src/commands.c:240:8:getCommandSize	8	static
../Core/Src/commands.c:243:6:parseCommand	40	static
../Core/Src/commands.c:261:6:HAL_UARTEx_RxEventCallback	16	static
