../Core/Src/display-ili9488.c:77:6:ILI9488_RESET	8	static
../Core/Src/display-ili9488.c:92:6:ILI9488_SELECT	8	static
../Core/Src/display-ili9488.c:97:6:ILI9488_DESELECT	8	static
../Core/Src/display-ili9488.c:103:6:ILI9488_CMD	16	static
../Core/Src/display-ili9488.c:119:6:ILI9488_DATA	32	static
../Core/Src/display-ili9488.c:137:6:ILI9488_INIT	24	static
../Core/Src/display-ili9488.c:190:6:ILI9488_FILL	32	static
../Core/Src/display-ili9488.c:256:6:ILI9488_REFRESH	40	static
../Core/Src/display-ili9488.c:339:6:ILI9488_REFRESH_DEBUG	32	static
../Core/Src/display-ili9488.c:411:6:ILI9488_LOAD_IMAGE_DEBUG	72	static
../Core/Src/display-ili9488.c:472:6:ILI9488_LOAD_IMAGE	96	static
../Core/Src/display-ili9488.c:589:6:ILI9488_LOAD_TEXT	88	static
../Core/Src/display-ili9488.c:654:6:ILI9488_DRAW	64	static
../Core/Src/display-ili9488.c:791:6:HAL_SPI_TxCpltCallback	56	static
