../Core/Src/display-ili9488.c:69:6:ILI9488_RESET	8	static
../Core/Src/display-ili9488.c:84:6:ILI9488_SELECT	8	static
../Core/Src/display-ili9488.c:89:6:ILI9488_DESELECT	8	static
../Core/Src/display-ili9488.c:95:6:ILI9488_CMD	16	static
../Core/Src/display-ili9488.c:110:6:ILI9488_DATA	32	static
../Core/Src/display-ili9488.c:125:6:ILI9488_INIT	24	static
../Core/Src/display-ili9488.c:174:6:ILI9488_FILL	32	static
../Core/Src/display-ili9488.c:235:6:ILI9488_REFRESH	32	static
../Core/Src/display-ili9488.c:303:6:ILI9488_WRITE	88	static
../Core/Src/display-ili9488.c:480:6:HAL_SPI_TxCpltCallback	40	static
