../Core/Src/display-ili9488.c:77:20:expandToChunk	40	static
../Core/Src/display-ili9488.c:98:20:rleAdvance	24	static
../Core/Src/display-ili9488.c:114:20:fillScreen	40	static
../Core/Src/display-ili9488.c:160:20:bgPreload	56	static
../Core/Src/display-ili9488.c:191:6:ILI9488_Reset	8	static
../Core/Src/display-ili9488.c:205:6:ILI9488_Select	8	static
../Core/Src/display-ili9488.c:210:6:ILI9488_Deselect	8	static
../Core/Src/display-ili9488.c:216:19:ILI9488_Cmd	32	static
../Core/Src/display-ili9488.c:233:19:ILI9488_Data	48	static
../Core/Src/display-ili9488.c:251:19:ILI9488_SetRange	40	static
../Core/Src/display-ili9488.c:296:19:ILI9488_SetBrightness	24	static
../Core/Src/display-ili9488.c:310:19:ILI9488_SetBackground	16	static
../Core/Src/display-ili9488.c:322:19:ILI9488_Init	32	static
../Core/Src/display-ili9488.c:390:19:ILI9488_Fill	40	static
../Core/Src/display-ili9488.c:416:19:ILI9488_Refresh	24	static
../Core/Src/display-ili9488.c:467:19:ILI9488_LoadImage	72	static
../Core/Src/display-ili9488.c:542:1:ILI9488_LoadText	72	static
../Core/Src/display-ili9488.c:634:19:ILI9488_Draw	40	static
../Core/Src/display-ili9488.c:709:6:HAL_SPI_TxCpltCallback	16	static
