../Core/Src/display-ili9488.c:76:6:ILI9488_RESET	8	static
../Core/Src/display-ili9488.c:91:6:ILI9488_SELECT	8	static
../Core/Src/display-ili9488.c:96:6:ILI9488_DESELECT	8	static
../Core/Src/display-ili9488.c:102:6:ILI9488_CMD	16	static
../Core/Src/display-ili9488.c:118:6:ILI9488_DATA	32	static
../Core/Src/display-ili9488.c:136:6:ILI9488_INIT	24	static
../Core/Src/display-ili9488.c:189:6:ILI9488_FILL	32	static
../Core/Src/display-ili9488.c:255:6:ILI9488_REFRESH	40	static
../Core/Src/display-ili9488.c:338:6:ILI9488_REFRESH_DEBUG	32	static
../Core/Src/display-ili9488.c:412:6:ILI9488_LOAD_IMAGE	88	static
../Core/Src/display-ili9488.c:547:6:ILI9488_LOAD_TEXT	88	static
../Core/Src/display-ili9488.c:612:6:ILI9488_DRAW	64	static
../Core/Src/display-ili9488.c:749:6:HAL_SPI_TxCpltCallback	56	static
