../Core/Src/display-ili9488.c:73:6:ILI9488_RESET	8	static
../Core/Src/display-ili9488.c:88:6:ILI9488_SELECT	8	static
../Core/Src/display-ili9488.c:93:6:ILI9488_DESELECT	8	static
../Core/Src/display-ili9488.c:99:6:ILI9488_CMD	16	static
../Core/Src/display-ili9488.c:114:6:ILI9488_DATA	32	static
../Core/Src/display-ili9488.c:129:6:ILI9488_INIT	24	static
../Core/Src/display-ili9488.c:178:6:ILI9488_FILL	32	static
../Core/Src/display-ili9488.c:245:6:ILI9488_REFRESH	32	static
../Core/Src/display-ili9488.c:313:6:ILI9488_WRITE	96	static
../Core/Src/display-ili9488.c:580:6:HAL_SPI_TxCpltCallback	40	static
