../Core/Src/display-ili9488.c:76:6:ILI9488_RESET	8	static
../Core/Src/display-ili9488.c:90:6:ILI9488_SELECT	8	static
../Core/Src/display-ili9488.c:95:6:ILI9488_DESELECT	8	static
../Core/Src/display-ili9488.c:101:6:ILI9488_CMD	16	static
../Core/Src/display-ili9488.c:117:6:ILI9488_DATA	32	static
../Core/Src/display-ili9488.c:132:6:ILI9488_SET_RANGE	40	static
../Core/Src/display-ili9488.c:171:6:ILI9488_BRIGHTNESS	16	static
../Core/Src/display-ili9488.c:178:6:ILI9488_INIT	24	static
../Core/Src/display-ili9488.c:238:6:ILI9488_FILL	32	static
../Core/Src/display-ili9488.c:262:6:ILI9488_REFRESH	40	static
../Core/Src/display-ili9488.c:316:6:ILI9488_REFRESH_DEBUG	32	static
../Core/Src/display-ili9488.c:349:6:ILI9488_LOAD_IMAGE_DEBUG	56	static
../Core/Src/display-ili9488.c:409:6:ILI9488_LOAD_IMAGE	80	static
../Core/Src/display-ili9488.c:529:6:ILI9488_LOAD_TEXT	80	static
../Core/Src/display-ili9488.c:609:6:ILI9488_DRAW	64	static
../Core/Src/display-ili9488.c:724:6:HAL_SPI_TxCpltCallback	56	static
