../Core/Src/display-ili9488.c:75:6:ILI9488_RESET	8	static
../Core/Src/display-ili9488.c:89:6:ILI9488_SELECT	8	static
../Core/Src/display-ili9488.c:94:6:ILI9488_DESELECT	8	static
../Core/Src/display-ili9488.c:100:6:ILI9488_CMD	16	static
../Core/Src/display-ili9488.c:116:6:ILI9488_DATA	32	static
../Core/Src/display-ili9488.c:131:6:ILI9488_SET_RANGE	40	static
../Core/Src/display-ili9488.c:172:6:ILI9488_INIT	24	static
../Core/Src/display-ili9488.c:223:6:ILI9488_FILL	32	static
../Core/Src/display-ili9488.c:247:6:ILI9488_REFRESH	40	static
../Core/Src/display-ili9488.c:301:6:ILI9488_REFRESH_DEBUG	32	static
../Core/Src/display-ili9488.c:334:6:ILI9488_LOAD_IMAGE_DEBUG	56	static
../Core/Src/display-ili9488.c:394:6:ILI9488_LOAD_IMAGE	80	static
../Core/Src/display-ili9488.c:510:6:ILI9488_LOAD_TEXT	80	static
../Core/Src/display-ili9488.c:577:6:ILI9488_DRAW	64	static
../Core/Src/display-ili9488.c:692:6:HAL_SPI_TxCpltCallback	56	static
