../Core/Src/display-ili9488.c:77:20:EXPAND_TO_CHUNK	32	static
../Core/Src/display-ili9488.c:97:6:ILI9488_RESET	8	static
../Core/Src/display-ili9488.c:111:6:ILI9488_SELECT	8	static
../Core/Src/display-ili9488.c:116:6:ILI9488_DESELECT	8	static
../Core/Src/display-ili9488.c:122:19:ILI9488_CMD	32	static
../Core/Src/display-ili9488.c:139:19:ILI9488_DATA	48	static
../Core/Src/display-ili9488.c:157:19:ILI9488_SET_RANGE	40	static
../Core/Src/display-ili9488.c:202:19:ILI9488_BRIGHTNESS	24	static
../Core/Src/display-ili9488.c:216:19:ILI9488_SET_BACKGROUND	16	static
../Core/Src/display-ili9488.c:228:19:ILI9488_INIT	32	static
../Core/Src/display-ili9488.c:296:19:ILI9488_FILL	40	static
../Core/Src/display-ili9488.c:322:19:ILI9488_REFRESH	24	static
../Core/Src/display-ili9488.c:373:19:ILI9488_REFRESH_DEBUG	32	static
../Core/Src/display-ili9488.c:410:20:BG_ADVANCE	24	static
../Core/Src/display-ili9488.c:426:19:ILI9488_LOAD_IMAGE_DEBUG	64	static
../Core/Src/display-ili9488.c:513:20:FILL_SCREEN	40	static
../Core/Src/display-ili9488.c:559:19:ILI9488_LOAD_IMAGE	96	static
../Core/Src/display-ili9488.c:654:1:ILI9488_LOAD_TEXT	56	static
../Core/Src/display-ili9488.c:733:19:ILI9488_DRAW	40	static
../Core/Src/display-ili9488.c:807:6:HAL_SPI_TxCpltCallback	16	static
