../Core/Src/display-ili9488.c:78:20:ILI9488_FILLCHUNK	32	static
../Core/Src/display-ili9488.c:98:6:ILI9488_RESET	8	static
../Core/Src/display-ili9488.c:112:6:ILI9488_SELECT	8	static
../Core/Src/display-ili9488.c:117:6:ILI9488_DESELECT	8	static
../Core/Src/display-ili9488.c:123:19:ILI9488_CMD	32	static
../Core/Src/display-ili9488.c:140:19:ILI9488_DATA	48	static
../Core/Src/display-ili9488.c:158:19:ILI9488_SET_RANGE	40	static
../Core/Src/display-ili9488.c:201:19:ILI9488_BRIGHTNESS	24	static
../Core/Src/display-ili9488.c:216:19:ILI9488_INIT	32	static
../Core/Src/display-ili9488.c:284:19:ILI9488_FILL	40	static
../Core/Src/display-ili9488.c:310:19:ILI9488_REFRESH	24	static
../Core/Src/display-ili9488.c:361:19:ILI9488_REFRESH_DEBUG	32	static
../Core/Src/display-ili9488.c:396:19:ILI9488_LOAD_IMAGE_DEBUG	56	static
../Core/Src/display-ili9488.c:457:19:ILI9488_LOAD_IMAGE	80	static
../Core/Src/display-ili9488.c:577:1:ILI9488_LOAD_TEXT	80	static
../Core/Src/display-ili9488.c:664:19:ILI9488_DRAW	40	static
../Core/Src/display-ili9488.c:738:6:HAL_SPI_TxCpltCallback	16	static
