../Core/Src/display-ili9488.c:291:6:ILI9488_RESET	8	static
../Core/Src/display-ili9488.c:306:6:ILI9488_SELECT	8	static
../Core/Src/display-ili9488.c:311:6:ILI9488_DESELECT	8	static
../Core/Src/display-ili9488.c:317:6:ILI9488_CMD	16	static
../Core/Src/display-ili9488.c:333:6:ILI9488_DATA	32	static
../Core/Src/display-ili9488.c:351:6:ILI9488_INIT	24	static
../Core/Src/display-ili9488.c:404:6:ILI9488_FILL	32	static
../Core/Src/display-ili9488.c:470:6:ILI9488_REFRESH	40	static
../Core/Src/display-ili9488.c:553:6:ILI9488_REFRESH_DEBUG	32	static
../Core/Src/display-ili9488.c:625:6:ILI9488_LOAD_IMAGE_DEBUG	72	static
../Core/Src/display-ili9488.c:686:6:ILI9488_LOAD_IMAGE	96	static
../Core/Src/display-ili9488.c:803:6:ILI9488_LOAD_TEXT	88	static
../Core/Src/display-ili9488.c:868:6:ILI9488_DRAW	64	static
../Core/Src/display-ili9488.c:1005:6:HAL_SPI_TxCpltCallback	56	static
