../Core/Src/display-ili9488.c:77:20:EXPAND_TO_CHUNK	32	static
../Core/Src/display-ili9488.c:97:6:ILI9488_RESET	8	static
../Core/Src/display-ili9488.c:111:6:ILI9488_SELECT	8	static
../Core/Src/display-ili9488.c:116:6:ILI9488_DESELECT	8	static
../Core/Src/display-ili9488.c:122:19:ILI9488_CMD	32	static
../Core/Src/display-ili9488.c:139:19:ILI9488_DATA	48	static
../Core/Src/display-ili9488.c:157:19:ILI9488_SET_RANGE	40	static
../Core/Src/display-ili9488.c:202:19:ILI9488_BRIGHTNESS	24	static
../Core/Src/display-ili9488.c:216:19:ILI9488_SET_BACKGROUND	16	static
../Core/Src/display-ili9488.c:228:19:ILI9488_INIT	32	static
../Core/Src/display-ili9488.c:296:19:ILI9488_FILL	40	static
../Core/Src/display-ili9488.c:322:19:ILI9488_REFRESH	24	static
../Core/Src/display-ili9488.c:372:20:BG_ADVANCE	24	static
../Core/Src/display-ili9488.c:388:20:FILL_SCREEN	40	static
../Core/Src/display-ili9488.c:434:19:ILI9488_LOAD_IMAGE	96	static
../Core/Src/display-ili9488.c:530:1:ILI9488_LOAD_TEXT	96	static
../Core/Src/display-ili9488.c:646:19:ILI9488_DRAW	40	static
../Core/Src/display-ili9488.c:720:6:HAL_SPI_TxCpltCallback	16	static
