../Core/Src/display-ili9488.c:78:6:ILI9488_RESET	8	static
../Core/Src/display-ili9488.c:92:6:ILI9488_SELECT	8	static
../Core/Src/display-ili9488.c:97:6:ILI9488_DESELECT	8	static
../Core/Src/display-ili9488.c:103:19:ILI9488_CMD	32	static
../Core/Src/display-ili9488.c:120:19:ILI9488_DATA	48	static
../Core/Src/display-ili9488.c:138:19:ILI9488_SET_RANGE	40	static
../Core/Src/display-ili9488.c:181:19:ILI9488_BRIGHTNESS	24	static
../Core/Src/display-ili9488.c:196:19:ILI9488_INIT	32	static
../Core/Src/display-ili9488.c:263:19:ILI9488_FILL	40	static
../Core/Src/display-ili9488.c:289:19:ILI9488_REFRESH	40	static
../Core/Src/display-ili9488.c:344:19:ILI9488_REFRESH_DEBUG	32	static
../Core/Src/display-ili9488.c:379:19:ILI9488_LOAD_IMAGE_DEBUG	56	static
../Core/Src/display-ili9488.c:440:19:ILI9488_LOAD_IMAGE	80	static
../Core/Src/display-ili9488.c:562:1:ILI9488_LOAD_TEXT	80	static
../Core/Src/display-ili9488.c:641:19:ILI9488_DRAW	64	static
../Core/Src/display-ili9488.c:756:6:HAL_SPI_TxCpltCallback	56	static
