../Core/Src/display-ili9488.c:75:6:ILI9488_RESET	8	static
../Core/Src/display-ili9488.c:90:6:ILI9488_SELECT	8	static
../Core/Src/display-ili9488.c:95:6:ILI9488_DESELECT	8	static
../Core/Src/display-ili9488.c:101:6:ILI9488_CMD	16	static
../Core/Src/display-ili9488.c:117:6:ILI9488_DATA	32	static
../Core/Src/display-ili9488.c:135:6:ILI9488_INIT	24	static
../Core/Src/display-ili9488.c:188:6:ILI9488_FILL	32	static
../Core/Src/display-ili9488.c:254:6:ILI9488_REFRESH	40	static
../Core/Src/display-ili9488.c:337:6:ILI9488_REFRESH_DEBUG	32	static
../Core/Src/display-ili9488.c:411:6:ILI9488_LOAD_IMAGE	72	static
../Core/Src/display-ili9488.c:525:6:ILI9488_LOAD_TEXT	80	static
../Core/Src/display-ili9488.c:587:6:ILI9488_DRAW	64	static
../Core/Src/display-ili9488.c:724:6:HAL_SPI_TxCpltCallback	56	static
