../Core/Src/display-ili9488.c:79:6:ILI9488_RESET	8	static
../Core/Src/display-ili9488.c:93:6:ILI9488_SELECT	8	static
../Core/Src/display-ili9488.c:98:6:ILI9488_DESELECT	8	static
../Core/Src/display-ili9488.c:104:19:ILI9488_CMD	32	static
../Core/Src/display-ili9488.c:121:19:ILI9488_DATA	48	static
../Core/Src/display-ili9488.c:139:19:ILI9488_SET_RANGE	40	static
../Core/Src/display-ili9488.c:182:19:ILI9488_BRIGHTNESS	24	static
../Core/Src/display-ili9488.c:197:19:ILI9488_INIT	32	static
../Core/Src/display-ili9488.c:265:19:ILI9488_FILL	40	static
../Core/Src/display-ili9488.c:291:19:ILI9488_REFRESH	40	static
../Core/Src/display-ili9488.c:346:19:ILI9488_REFRESH_DEBUG	32	static
../Core/Src/display-ili9488.c:381:19:ILI9488_LOAD_IMAGE_DEBUG	56	static
../Core/Src/display-ili9488.c:442:19:ILI9488_LOAD_IMAGE	80	static
../Core/Src/display-ili9488.c:562:1:ILI9488_LOAD_TEXT	80	static
../Core/Src/display-ili9488.c:646:19:ILI9488_DRAW	64	static
../Core/Src/display-ili9488.c:761:6:HAL_SPI_TxCpltCallback	56	static
