../Core/Src/main.c:94:5:main	24	static
../Core/Src/main.c:219:6:SystemClock_Config	112	static
../Core/Src/main.c:260:13:MX_CAN_Init	8	static
../Core/Src/main.c:294:13:MX_SPI1_Init	8	static
../Core/Src/main.c:331:13:MX_TIM2_Init	32	static
../Core/Src/main.c:371:13:MX_TIM14_Init	40	static
../Core/Src/main.c:412:13:MX_TIM17_Init	72	static
../Core/Src/main.c:468:13:MX_USART2_UART_Init	8	static
../Core/Src/main.c:498:13:MX_DMA_Init	16	static
../Core/Src/main.c:517:13:MX_GPIO_Init	56	static
../Core/Src/main.c:597:6:Error_Handler	8	static,ignoring_inline_asm
