../Core/Src/main.c:91:5:main	24	static
../Core/Src/main.c:222:6:SystemClock_Config	112	static
../Core/Src/main.c:263:13:MX_CAN_Init	8	static
../Core/Src/main.c:297:13:MX_SPI1_Init	8	static
../Core/Src/main.c:334:13:MX_TIM2_Init	32	static
../Core/Src/main.c:374:13:MX_TIM14_Init	40	static
../Core/Src/main.c:415:13:MX_USART2_UART_Init	8	static
../Core/Src/main.c:445:13:MX_DMA_Init	16	static
../Core/Src/main.c:464:13:MX_GPIO_Init	56	static
../Core/Src/main.c:544:6:Error_Handler	8	static,ignoring_inline_asm
