../Core/Src/stm32f0xx_it.c:73:6:NMI_Handler	8	static
../Core/Src/stm32f0xx_it.c:88:6:HardFault_Handler	8	static
../Core/Src/stm32f0xx_it.c:103:6:SVC_Handler	8	static
../Core/Src/stm32f0xx_it.c:116:6:PendSV_Handler	8	static
../Core/Src/stm32f0xx_it.c:129:6:SysTick_Handler	8	static
../Core/Src/stm32f0xx_it.c:150:6:DMA1_Ch1_IRQHandler	8	static
../Core/Src/stm32f0xx_it.c:164:6:DMA1_Ch2_3_DMA2_Ch1_2_IRQHandler	8	static
../Core/Src/stm32f0xx_it.c:178:6:TIM2_IRQHandler	8	static
../Core/Src/stm32f0xx_it.c:192:6:USART2_IRQHandler	8	static
../Core/Src/stm32f0xx_it.c:206:6:CEC_CAN_IRQHandler	8	static
